
Allocating common symbols
Common symbol       size              file

dynamic_payloads_enabled
                    0x1               main.o
csn_pin             0x1               main.o
pipe0_reading_address
                    0x4               main.o
isr_table           0x80              soc-hw.o
ce_pin              0x1               main.o
ports               0x4               nrf24.o
tic_msec            0x4               soc-hw.o
puerto              0x4               nrf24.o
wxrxDelay           0x1               main.o

Memory Configuration

Name             Origin             Length             Attributes
ram              0x00000000         0x00008000
*default*        0x00000000         0xffffffff

Linker script and memory map

                0x00000000                __DYNAMIC = 0x0
                0x00000000                _RAM_START = 0x0
                0x00004000                _RAM_SIZE = 0x4000
                0x00004000                _RAM_END = (_RAM_START + _RAM_SIZE)

.text           0x00000000     0x3b08
                0x00000000                _ftext = .
 *(.text .stub .text.* .gnu.linkonce.t.*)
 .text          0x00000000      0x208 crt0ram.o
                0x00000200                get_gp
                0x000001f8                get_sp
                0x00000140                irq_enable
                0x00000160                irq_get_mask
                0x00000000                _start
                0x00000168                jump
                0x00000158                irq_set_mask
                0x0000014c                irq_disable
                0x0000016c                halt
 .text          0x00000208       0xf8 main.o
                0x00000208                main
 .text          0x00000300      0x9bc soc-hw.o
                0x00000c50                setmotor4
                0x000007c0                I2CreadByte
                0x00000504                tic_isr
                0x000006b8                i2c_putdata
                0x00000450                read_gpio
                0x00000c18                setmotor2
                0x00000bfc                setmotor1
                0x00000bb4                spi_putstr
                0x00000680                uart_putstr
                0x00000ac0                spi_init
                0x00000760                i2c_sleep
                0x000003a4                isr_unregister
                0x000003ec                digitalWrite
                0x00000b3c                spi_continue
                0x00000c84                set_pwm
                0x00000aa8                everloop_putdata_3
                0x00000b90                spi_putchar
                0x000004d0                nsleep
                0x00000638                uart_getchar
                0x00000c6c                pwm_init
                0x00000634                uart_init
                0x00000c34                setmotor3
                0x00000b04                spi_not_ena
                0x000003c4                gpio_init_write
                0x00000b70                spi_cont_d
                0x0000038c                isr_register
                0x00000a78                everloop_putdata_1
                0x00000b1c                spi_sleep
                0x000008b0                I2CreadBytes
                0x00000704                i2c_putdatas
                0x00000a90                everloop_putdata_2
                0x00000368                isr_init
                0x00000748                i2c_init
                0x00000304                irq_handler
                0x000005c8                init_watch
                0x00000300                isr_null
                0x00000578                time_happened_millis
                0x00000468                step_sleep
                0x000009dc                I2CwriteByte
                0x00000530                tic_init
                0x000005e0                time_happened_micro
                0x000006e0                i2c_putrwaddr
                0x00000ae0                spi_getchar
                0x00000790                i2c_getdata
                0x00000498                msleep
                0x0000065c                uart_putchar
 .text          0x00000cbc     0x1e00 softfloat.o
                0x000012c8                float32_to_int32_round_to_zero
                0x000029b8                float32_artan
                0x00001b70                float32_div
                0x00001880                float32_add
                0x00000e38                float32_is_signaling_nan
                0x00000e24                float32_is_nan
                0x00002630                float32_lt
                0x000021b8                float32_sqrt
                0x000026e8                float32_eq_signaling
                0x000013b0                float32_round_to_int
                0x00000e0c                float_raise
                0x00001188                float32_to_int32
                0x00002788                float32_le_quiet
                0x00002a18                float32_pow2
                0x00001e98                float32_rem
                0x00001138                int32_to_float32
                0x000018f8                float32_mul
                0x0000248c                float32_eq
                0x00002890                float32_lt_quiet
                0x00002988                float32_abs
                0x00002a34                float32_filterKom
                0x000018bc                float32_sub
                0x00002570                float32_le
 .text          0x00002abc       0xb8 LSM9DS1.o
                0x00002abc                agWriteByte
                0x00002b50                mReadByte
                0x00002b2c                agReadByte
                0x00002ae8                initGyro
 .text          0x00002b74      0x1e0 MPL3115A2.o
                0x00002c04                MPLReadByte
                0x00002ba4                MPLWriteByte
                0x00002b74                MPLReadBytes
                0x00002bd0                MPLBegin
                0x00002c28                MPLgetAltitude
 .text          0x00002d54      0xdb4 nrf24.o
                0x00002fb8                toggle_features
                0x000037c4                startRx_mode
                0x00003568                openpipe_rx
                0x0000331c                setChannel
                0x000039b8                load_payload
                0x0000399c                get_status
                0x00003824                flush_rx
                0x0000349c                isAckPayloadAvailable
                0x000036f8                spi_putstr_nrf24
                0x000034c0                enableDynamicAckPayloads
                0x00003758                spi_transfer
                0x00003414                read_register
                0x00003478                available
                0x00002e2c                spi_finish
                0x00002e70                csn
                0x00002d54                ce
                0x00002e18                nrf24_config
                0x00002f6c                spi_enable
                0x00003514                closeReadingPipe
                0x00002f8c                spi_transmitD
                0x0000328c                setAutoAck
                0x000032c8                openPipe0_tx
                0x00003214                write_register_basic
                0x00003688                power_up
                0x000037a8                flush_tx
                0x00003348                setRetries
                0x000030d0                writeAckPayload
                0x000038c4                nrf24_begin
                0x00002ff4                read_payload
                0x00003378                read_register_buff
                0x00003634                setPaLevel
                0x00003840                stopTransmission
                0x00003168                write_register
                0x000036c4                power_down
                0x00003b08                _etext = .

.rodata         0x00003b08      0x500
                0x00003b08                . = ALIGN (0x4)
                0x00003b08                _frodata = .
 *(.rodata .rodata.* .gnu.linkonce.r.*)
 .rodata.str1.4
                0x00003b08       0x6d main.o
                                 0x70 (size before relaxing)
 *fill*         0x00003b75        0x3 00
 .rodata        0x00003b78        0x8 main.o
 .rodata        0x00003b80      0x440 softfloat.o
 .rodata.str1.4
                0x00003fc0        0xd MPL3115A2.o
                                 0x10 (size before relaxing)
 *fill*         0x00003fcd        0x3 00
 .rodata.str1.4
                0x00003fd0       0x18 nrf24.o
 .rodata        0x00003fe8       0x20 nrf24.o
                0x00003fe8                channel0
 *(.rodata1)
                0x00004008                _erodata = .

.data           0x00004008       0x25
                0x00004008                . = ALIGN (0x4)
                0x00004008                _fdata = .
 *(.data .data.* .gnu.linkonce.d.*)
 .data          0x00004008        0x0 crt0ram.o
 .data          0x00004008        0x8 main.o
 .data          0x00004010       0x1c soc-hw.o
                0x00004010                uart0
                0x00004024                i2c0
                0x00004014                timer0
                0x00004018                gpio0
                0x00004020                everloop0
                0x00004028                pwm0
                0x0000401c                spi0
 .data          0x0000402c        0x0 softfloat.o
 .data          0x0000402c        0x0 LSM9DS1.o
 .data          0x0000402c        0x0 MPL3115A2.o
 .data          0x0000402c        0x1 nrf24.o
                0x0000402c                payload_size
 *(.data1)
                0x00004030                _gp = ALIGN (0x10)
 *(.sdata .sdata.* .gnu.linkonce.s.*)
                0x0000402d                _edata = .

.bss            0x00004030       0xbc
                0x00004030                . = ALIGN (0x4)
                0x00004030                _fbss = .
 *(.dynsbss)
 *(.sbss .sbss.* .gnu.linkonce.sb.*)
 *(.scommon)
 *(.dynbss)
 *(.bss .bss.* .gnu.linkonce.b.*)
 .bss           0x00004030        0x0 crt0ram.o
 .bss           0x00004030        0x0 main.o
 .bss           0x00004030        0x8 soc-hw.o
 .bss           0x00004038        0xc softfloat.o
                0x00004040                float_detect_tininess
                0x0000403c                float_exception_flags
                0x00004038                float_rounding_mode
 .bss           0x00004044        0x0 LSM9DS1.o
 .bss           0x00004044        0xc MPL3115A2.o
 .bss           0x00004050        0x3 nrf24.o
 *(COMMON)
 *fill*         0x00004053        0x1 00
 COMMON         0x00004054        0xa main.o
                0x00004054                dynamic_payloads_enabled
                0x00004055                csn_pin
                0x00004058                pipe0_reading_address
                0x0000405c                ce_pin
                0x0000405d                wxrxDelay
 *fill*         0x0000405e        0x2 00
 COMMON         0x00004060       0x84 soc-hw.o
                0x00004060                isr_table
                0x000040e0                tic_msec
 COMMON         0x000040e4        0x8 nrf24.o
                0x000040e4                ports
                0x000040e8                puerto
                0x000040ec                _ebss = .
                0x000040ec                _end = .
                0x00007ffc                PROVIDE (_fstack, 0x7ffc)
LOAD crt0ram.o
LOAD main.o
LOAD soc-hw.o
LOAD softfloat.o
LOAD LSM9DS1.o
LOAD MPL3115A2.o
LOAD nrf24.o
OUTPUT(image elf32-lm32)

.debug_abbrev   0x00000000      0xb64
 .debug_abbrev  0x00000000       0x99 main.o
 .debug_abbrev  0x00000099      0x36f soc-hw.o
 .debug_abbrev  0x00000408      0x30f softfloat.o
 .debug_abbrev  0x00000717       0xea LSM9DS1.o
 .debug_abbrev  0x00000801      0x100 MPL3115A2.o
 .debug_abbrev  0x00000901      0x263 nrf24.o

.debug_info     0x00000000     0x3a3e
 .debug_info    0x00000000      0x12c main.o
 .debug_info    0x0000012c      0xe65 soc-hw.o
 .debug_info    0x00000f91     0x1e79 softfloat.o
 .debug_info    0x00002e0a      0x157 LSM9DS1.o
 .debug_info    0x00002f61      0x223 MPL3115A2.o
 .debug_info    0x00003184      0x8ba nrf24.o

.debug_line     0x00000000     0x3802
 .debug_line    0x00000000      0x12c main.o
 .debug_line    0x0000012c      0xc31 soc-hw.o
 .debug_line    0x00000d5d     0x1c8a softfloat.o
 .debug_line    0x000029e7       0xd4 LSM9DS1.o
 .debug_line    0x00002abb      0x1be MPL3115A2.o
 .debug_line    0x00002c79      0xb89 nrf24.o

.debug_frame    0x00000000      0x7d0
 .debug_frame   0x00000000       0x20 main.o
 .debug_frame   0x00000020      0x2f0 soc-hw.o
 .debug_frame   0x00000310      0x1e0 softfloat.o
 .debug_frame   0x000004f0       0x50 LSM9DS1.o
 .debug_frame   0x00000540       0x60 MPL3115A2.o
 .debug_frame   0x000005a0      0x230 nrf24.o

.debug_pubnames
                0x00000000      0x981
 .debug_pubnames
                0x00000000       0x77 main.o
 .debug_pubnames
                0x00000077      0x354 soc-hw.o
 .debug_pubnames
                0x000003cb      0x21e softfloat.o
 .debug_pubnames
                0x000005e9       0x4c LSM9DS1.o
 .debug_pubnames
                0x00000635       0x64 MPL3115A2.o
 .debug_pubnames
                0x00000699      0x2e8 nrf24.o

.debug_aranges  0x00000000       0xc0
 .debug_aranges
                0x00000000       0x20 main.o
 .debug_aranges
                0x00000020       0x20 soc-hw.o
 .debug_aranges
                0x00000040       0x20 softfloat.o
 .debug_aranges
                0x00000060       0x20 LSM9DS1.o
 .debug_aranges
                0x00000080       0x20 MPL3115A2.o
 .debug_aranges
                0x000000a0       0x20 nrf24.o

.debug_str      0x00000000      0xd98
 .debug_str     0x00000000       0xe7 main.o
                                0x10f (size before relaxing)
 .debug_str     0x000000e7      0x3a0 soc-hw.o
                                0x470 (size before relaxing)
 .debug_str     0x00000487      0x613 softfloat.o
                                0x6cb (size before relaxing)
 .debug_str     0x00000a9a       0x3f LSM9DS1.o
                                 0xe3 (size before relaxing)
 .debug_str     0x00000ad9       0x4a MPL3115A2.o
                                0x114 (size before relaxing)
 .debug_str     0x00000b23      0x275 nrf24.o
                                0x3df (size before relaxing)

.comment        0x00000000       0x6c
 .comment       0x00000000       0x12 main.o
 .comment       0x00000012       0x12 soc-hw.o
 .comment       0x00000024       0x12 softfloat.o
 .comment       0x00000036       0x12 LSM9DS1.o
 .comment       0x00000048       0x12 MPL3115A2.o
 .comment       0x0000005a       0x12 nrf24.o

.debug_loc      0x00000000     0x2a36
 .debug_loc     0x00000000      0x457 soc-hw.o
 .debug_loc     0x00000457     0x1f09 softfloat.o
 .debug_loc     0x00002360       0x78 LSM9DS1.o
 .debug_loc     0x000023d8       0xb4 MPL3115A2.o
 .debug_loc     0x0000248c      0x5aa nrf24.o

.debug_ranges   0x00000000      0xc28
 .debug_ranges  0x00000000      0x220 soc-hw.o
 .debug_ranges  0x00000220      0xa08 softfloat.o
