
Allocating common symbols
Common symbol       size              file

data_receive        0x4               main.o
dynamic_payloads_enabled
                    0x1               main.o
csn_pin             0x1               main.o
pipe0_reading_address
                    0x4               main.o
isr_table           0x80              soc-hw.o
ce_pin              0x1               main.o
ports               0x4               nrf24.o
tic_msec            0x4               soc-hw.o
puerto              0x4               nrf24.o
wxrxDelay           0x1               main.o

Memory Configuration

Name             Origin             Length             Attributes
ram              0x00000000         0x00008000
*default*        0x00000000         0xffffffff

Linker script and memory map

                0x00000000                __DYNAMIC = 0x0
                0x00000000                _RAM_START = 0x0
                0x00004000                _RAM_SIZE = 0x4000
                0x00004000                _RAM_END = (_RAM_START + _RAM_SIZE)

.text           0x00000000     0x3af8
                0x00000000                _ftext = .
 *(.text .stub .text.* .gnu.linkonce.t.*)
 .text          0x00000000      0x208 crt0ram.o
                0x00000200                get_gp
                0x000001f8                get_sp
                0x00000140                irq_enable
                0x00000160                irq_get_mask
                0x00000000                _start
                0x00000168                jump
                0x00000158                irq_set_mask
                0x0000014c                irq_disable
                0x0000016c                halt
 .text          0x00000208       0xe8 main.o
                0x00000208                main
 .text          0x000002f0      0x9bc soc-hw.o
                0x00000c40                setmotor4
                0x000007b0                I2CreadByte
                0x000004f4                tic_isr
                0x000006a8                i2c_putdata
                0x00000440                read_gpio
                0x00000c08                setmotor2
                0x00000bec                setmotor1
                0x00000ba4                spi_putstr
                0x00000670                uart_putstr
                0x00000ab0                spi_init
                0x00000750                i2c_sleep
                0x00000394                isr_unregister
                0x000003dc                digitalWrite
                0x00000b2c                spi_continue
                0x00000c74                set_pwm
                0x00000a98                everloop_putdata_3
                0x00000b80                spi_putchar
                0x000004c0                nsleep
                0x00000628                uart_getchar
                0x00000c5c                pwm_init
                0x00000624                uart_init
                0x00000c24                setmotor3
                0x00000af4                spi_not_ena
                0x000003b4                gpio_init_write
                0x00000b60                spi_cont_d
                0x0000037c                isr_register
                0x00000a68                everloop_putdata_1
                0x00000b0c                spi_sleep
                0x000008a0                I2CreadBytes
                0x000006f4                i2c_putdatas
                0x00000a80                everloop_putdata_2
                0x00000358                isr_init
                0x00000738                i2c_init
                0x000002f4                irq_handler
                0x000005b8                init_watch
                0x000002f0                isr_null
                0x00000568                time_happened_millis
                0x00000458                step_sleep
                0x000009cc                I2CwriteByte
                0x00000520                tic_init
                0x000005d0                time_happened_micro
                0x000006d0                i2c_putrwaddr
                0x00000ad0                spi_getchar
                0x00000780                i2c_getdata
                0x00000488                msleep
                0x0000064c                uart_putchar
 .text          0x00000cac     0x1e00 softfloat.o
                0x000012b8                float32_to_int32_round_to_zero
                0x000029a8                float32_artan
                0x00001b60                float32_div
                0x00001870                float32_add
                0x00000e28                float32_is_signaling_nan
                0x00000e14                float32_is_nan
                0x00002620                float32_lt
                0x000021a8                float32_sqrt
                0x000026d8                float32_eq_signaling
                0x000013a0                float32_round_to_int
                0x00000dfc                float_raise
                0x00001178                float32_to_int32
                0x00002778                float32_le_quiet
                0x00002a08                float32_pow2
                0x00001e88                float32_rem
                0x00001128                int32_to_float32
                0x000018e8                float32_mul
                0x0000247c                float32_eq
                0x00002880                float32_lt_quiet
                0x00002978                float32_abs
                0x00002a24                float32_filterKom
                0x000018ac                float32_sub
                0x00002560                float32_le
 .text          0x00002aac       0xb8 LSM9DS1.o
                0x00002aac                agWriteByte
                0x00002b40                mReadByte
                0x00002b1c                agReadByte
                0x00002ad8                initGyro
 .text          0x00002b64      0x1e0 MPL3115A2.o
                0x00002bf4                MPLReadByte
                0x00002b94                MPLWriteByte
                0x00002b64                MPLReadBytes
                0x00002bc0                MPLBegin
                0x00002c18                MPLgetAltitude
 .text          0x00002d44      0xdb4 nrf24.o
                0x00002fa8                toggle_features
                0x000037b4                startRx_mode
                0x00003558                openpipe_rx
                0x0000330c                setChannel
                0x000039a8                load_payload
                0x0000398c                get_status
                0x00003814                flush_rx
                0x0000348c                isAckPayloadAvailable
                0x000036e8                spi_putstr_nrf24
                0x000034b0                enableDynamicAckPayloads
                0x00003748                spi_transfer
                0x00003404                read_register
                0x00003468                available
                0x00002e1c                spi_finish
                0x00002e60                csn
                0x00002d44                ce
                0x00002e08                nrf24_config
                0x00002f5c                spi_enable
                0x00003504                closeReadingPipe
                0x00002f7c                spi_transmitD
                0x0000327c                setAutoAck
                0x000032b8                openPipe0_tx
                0x00003204                write_register_basic
                0x00003678                power_up
                0x00003798                flush_tx
                0x00003338                setRetries
                0x000030c0                writeAckPayload
                0x000038b4                nrf24_begin
                0x00002fe4                read_payload
                0x00003368                read_register_buff
                0x00003624                setPaLevel
                0x00003830                stopTransmission
                0x00003158                write_register
                0x000036b4                power_down
                0x00003af8                _etext = .

.rodata         0x00003af8      0x500
                0x00003af8                . = ALIGN (0x4)
                0x00003af8                _frodata = .
 *(.rodata .rodata.* .gnu.linkonce.r.*)
 .rodata.str1.4
                0x00003af8       0x6d main.o
                                 0x70 (size before relaxing)
 *fill*         0x00003b65        0x3 00
 .rodata        0x00003b68        0x8 main.o
                0x00003b68                pipe
 .rodata        0x00003b70      0x440 softfloat.o
 .rodata.str1.4
                0x00003fb0        0xd MPL3115A2.o
                                 0x10 (size before relaxing)
 *fill*         0x00003fbd        0x3 00
 .rodata.str1.4
                0x00003fc0       0x18 nrf24.o
 .rodata        0x00003fd8       0x20 nrf24.o
                0x00003fd8                channel0
 *(.rodata1)
                0x00003ff8                _erodata = .

.data           0x00003ff8       0x25
                0x00003ff8                . = ALIGN (0x4)
                0x00003ff8                _fdata = .
 *(.data .data.* .gnu.linkonce.d.*)
 .data          0x00003ff8        0x0 crt0ram.o
 .data          0x00003ff8        0x8 main.o
 .data          0x00004000       0x1c soc-hw.o
                0x00004000                uart0
                0x00004014                i2c0
                0x00004004                timer0
                0x00004008                gpio0
                0x00004010                everloop0
                0x00004018                pwm0
                0x0000400c                spi0
 .data          0x0000401c        0x0 softfloat.o
 .data          0x0000401c        0x0 LSM9DS1.o
 .data          0x0000401c        0x0 MPL3115A2.o
 .data          0x0000401c        0x1 nrf24.o
                0x0000401c                payload_size
 *(.data1)
                0x00004020                _gp = ALIGN (0x10)
 *(.sdata .sdata.* .gnu.linkonce.s.*)
                0x0000401d                _edata = .

.bss            0x00004020       0xc0
                0x00004020                . = ALIGN (0x4)
                0x00004020                _fbss = .
 *(.dynsbss)
 *(.sbss .sbss.* .gnu.linkonce.sb.*)
 *(.scommon)
 *(.dynbss)
 *(.bss .bss.* .gnu.linkonce.b.*)
 .bss           0x00004020        0x0 crt0ram.o
 .bss           0x00004020        0x0 main.o
 .bss           0x00004020        0x8 soc-hw.o
 .bss           0x00004028        0xc softfloat.o
                0x00004030                float_detect_tininess
                0x0000402c                float_exception_flags
                0x00004028                float_rounding_mode
 .bss           0x00004034        0x0 LSM9DS1.o
 .bss           0x00004034        0xc MPL3115A2.o
 .bss           0x00004040        0x3 nrf24.o
 *(COMMON)
 *fill*         0x00004043        0x1 00
 COMMON         0x00004044        0xe main.o
                0x00004044                data_receive
                0x00004048                dynamic_payloads_enabled
                0x00004049                csn_pin
                0x0000404c                pipe0_reading_address
                0x00004050                ce_pin
                0x00004051                wxrxDelay
 *fill*         0x00004052        0x2 00
 COMMON         0x00004054       0x84 soc-hw.o
                0x00004054                isr_table
                0x000040d4                tic_msec
 COMMON         0x000040d8        0x8 nrf24.o
                0x000040d8                ports
                0x000040dc                puerto
                0x000040e0                _ebss = .
                0x000040e0                _end = .
                0x00007ffc                PROVIDE (_fstack, 0x7ffc)
LOAD crt0ram.o
LOAD main.o
LOAD soc-hw.o
LOAD softfloat.o
LOAD LSM9DS1.o
LOAD MPL3115A2.o
LOAD nrf24.o
OUTPUT(image elf32-lm32)

.debug_abbrev   0x00000000      0xb6f
 .debug_abbrev  0x00000000       0xa4 main.o
 .debug_abbrev  0x000000a4      0x36f soc-hw.o
 .debug_abbrev  0x00000413      0x30f softfloat.o
 .debug_abbrev  0x00000722       0xea LSM9DS1.o
 .debug_abbrev  0x0000080c      0x100 MPL3115A2.o
 .debug_abbrev  0x0000090c      0x263 nrf24.o

.debug_info     0x00000000     0x3a81
 .debug_info    0x00000000      0x16f main.o
 .debug_info    0x0000016f      0xe65 soc-hw.o
 .debug_info    0x00000fd4     0x1e79 softfloat.o
 .debug_info    0x00002e4d      0x157 LSM9DS1.o
 .debug_info    0x00002fa4      0x223 MPL3115A2.o
 .debug_info    0x000031c7      0x8ba nrf24.o

.debug_line     0x00000000     0x37e2
 .debug_line    0x00000000      0x10c main.o
 .debug_line    0x0000010c      0xc31 soc-hw.o
 .debug_line    0x00000d3d     0x1c8a softfloat.o
 .debug_line    0x000029c7       0xd4 LSM9DS1.o
 .debug_line    0x00002a9b      0x1be MPL3115A2.o
 .debug_line    0x00002c59      0xb89 nrf24.o

.debug_frame    0x00000000      0x7d0
 .debug_frame   0x00000000       0x20 main.o
 .debug_frame   0x00000020      0x2f0 soc-hw.o
 .debug_frame   0x00000310      0x1e0 softfloat.o
 .debug_frame   0x000004f0       0x50 LSM9DS1.o
 .debug_frame   0x00000540       0x60 MPL3115A2.o
 .debug_frame   0x000005a0      0x230 nrf24.o

.debug_pubnames
                0x00000000      0x99b
 .debug_pubnames
                0x00000000       0x91 main.o
 .debug_pubnames
                0x00000091      0x354 soc-hw.o
 .debug_pubnames
                0x000003e5      0x21e softfloat.o
 .debug_pubnames
                0x00000603       0x4c LSM9DS1.o
 .debug_pubnames
                0x0000064f       0x64 MPL3115A2.o
 .debug_pubnames
                0x000006b3      0x2e8 nrf24.o

.debug_aranges  0x00000000       0xc0
 .debug_aranges
                0x00000000       0x20 main.o
 .debug_aranges
                0x00000020       0x20 soc-hw.o
 .debug_aranges
                0x00000040       0x20 softfloat.o
 .debug_aranges
                0x00000060       0x20 LSM9DS1.o
 .debug_aranges
                0x00000080       0x20 MPL3115A2.o
 .debug_aranges
                0x000000a0       0x20 nrf24.o

.debug_str      0x00000000      0xde2
 .debug_str     0x00000000       0xd9 main.o
                                0x101 (size before relaxing)
 .debug_str     0x000000d9      0x3fe soc-hw.o
                                0x470 (size before relaxing)
 .debug_str     0x000004d7      0x613 softfloat.o
                                0x6cb (size before relaxing)
 .debug_str     0x00000aea       0x3f LSM9DS1.o
                                 0xe3 (size before relaxing)
 .debug_str     0x00000b29       0x4a MPL3115A2.o
                                0x114 (size before relaxing)
 .debug_str     0x00000b73      0x26f nrf24.o
                                0x3df (size before relaxing)

.comment        0x00000000       0x6c
 .comment       0x00000000       0x12 main.o
 .comment       0x00000012       0x12 soc-hw.o
 .comment       0x00000024       0x12 softfloat.o
 .comment       0x00000036       0x12 LSM9DS1.o
 .comment       0x00000048       0x12 MPL3115A2.o
 .comment       0x0000005a       0x12 nrf24.o

.debug_loc      0x00000000     0x2a36
 .debug_loc     0x00000000      0x457 soc-hw.o
 .debug_loc     0x00000457     0x1f09 softfloat.o
 .debug_loc     0x00002360       0x78 LSM9DS1.o
 .debug_loc     0x000023d8       0xb4 MPL3115A2.o
 .debug_loc     0x0000248c      0x5aa nrf24.o

.debug_ranges   0x00000000      0xc28
 .debug_ranges  0x00000000      0x220 soc-hw.o
 .debug_ranges  0x00000220      0xa08 softfloat.o
