
Allocating common symbols
Common symbol       size              file

isr_table           0x80              soc-hw.o
tic_msec            0x4               soc-hw.o

Memory Configuration

Name             Origin             Length             Attributes
ram              0x00000000         0x00004000
*default*        0x00000000         0xffffffff

Linker script and memory map

                0x00000000                __DYNAMIC = 0x0
                0x00000000                _RAM_START = 0x0
                0x00004000                _RAM_SIZE = 0x4000
                0x00004000                _RAM_END = (_RAM_START + _RAM_SIZE)

.text           0x00000000     0x29f0
                0x00000000                _ftext = .
 *(.text .stub .text.* .gnu.linkonce.t.*)
 .text          0x00000000      0x208 crt0ram.o
                0x00000200                get_gp
                0x000001f8                get_sp
                0x00000140                irq_enable
                0x00000160                irq_get_mask
                0x00000000                _start
                0x00000168                jump
                0x00000158                irq_set_mask
                0x0000014c                irq_disable
                0x0000016c                halt
 .text          0x00000208       0x60 main.o
                0x00000208                main
 .text          0x00000268      0x6f0 soc-hw.o
                0x000008ec                setmotor4
                0x00000598                I2CreadByte
                0x00000398                tic_isr
                0x00000490                i2c_putdata
                0x000008b4                setmotor2
                0x00000898                setmotor1
                0x00000458                uart_putstr
                0x00000538                i2c_sleep
                0x0000030c                isr_unregister
                0x00000920                set_pwm
                0x00000880                everloop_putdata_3
                0x00000364                nsleep
                0x00000410                uart_getchar
                0x00000908                pwm_init
                0x0000040c                uart_init
                0x000008d0                setmotor3
                0x000002f4                isr_register
                0x00000850                everloop_putdata_1
                0x00000688                I2CreadBytes
                0x000004dc                i2c_putdatas
                0x00000868                everloop_putdata_2
                0x000002d0                isr_init
                0x00000520                i2c_init
                0x0000026c                irq_handler
                0x00000268                isr_null
                0x000007b4                I2CwriteByte
                0x000003c4                tic_init
                0x000004b8                i2c_putrwaddr
                0x00000568                i2c_getdata
                0x0000032c                msleep
                0x00000434                uart_putchar
 .text          0x00000958     0x1e00 softfloat.o
                0x00000f64                float32_to_int32_round_to_zero
                0x00002654                float32_artan
                0x0000180c                float32_div
                0x0000151c                float32_add
                0x00000ad4                float32_is_signaling_nan
                0x00000ac0                float32_is_nan
                0x000022cc                float32_lt
                0x00001e54                float32_sqrt
                0x00002384                float32_eq_signaling
                0x0000104c                float32_round_to_int
                0x00000aa8                float_raise
                0x00000e24                float32_to_int32
                0x00002424                float32_le_quiet
                0x000026b4                float32_pow2
                0x00001b34                float32_rem
                0x00000dd4                int32_to_float32
                0x00001594                float32_mul
                0x00002128                float32_eq
                0x0000252c                float32_lt_quiet
                0x00002624                float32_abs
                0x000026d0                float32_filterKom
                0x00001558                float32_sub
                0x0000220c                float32_le
 .text          0x00002758       0xb8 LSM9DS1.o
                0x00002758                agWriteByte
                0x000027ec                mReadByte
                0x000027c8                agReadByte
                0x00002784                initGyro
 .text          0x00002810      0x1e0 MPL3115A2.o
                0x000028a0                MPLReadByte
                0x00002840                MPLWriteByte
                0x00002810                MPLReadBytes
                0x0000286c                MPLBegin
                0x000028c4                MPLgetAltitude
                0x000029f0                _etext = .

.rodata         0x000029f0      0x450
                0x000029f0                . = ALIGN (0x4)
                0x000029f0                _frodata = .
 *(.rodata .rodata.* .gnu.linkonce.r.*)
 .rodata        0x000029f0      0x440 softfloat.o
 .rodata.str1.4
                0x00002e30       0x10 MPL3115A2.o
 *(.rodata1)
                0x00002e40                _erodata = .

.data           0x00002e40       0x1c
                0x00002e40                . = ALIGN (0x4)
                0x00002e40                _fdata = .
 *(.data .data.* .gnu.linkonce.d.*)
 .data          0x00002e40        0x0 crt0ram.o
 .data          0x00002e40        0x0 main.o
 .data          0x00002e40       0x1c soc-hw.o
                0x00002e40                uart0
                0x00002e54                i2c0
                0x00002e44                timer0
                0x00002e48                gpio0
                0x00002e50                everloop0
                0x00002e58                pwm0
                0x00002e4c                spi0
 .data          0x00002e5c        0x0 softfloat.o
 .data          0x00002e5c        0x0 LSM9DS1.o
 .data          0x00002e5c        0x0 MPL3115A2.o
 *(.data1)
                0x00002e60                _gp = ALIGN (0x10)
 *(.sdata .sdata.* .gnu.linkonce.s.*)
                0x00002e5c                _edata = .

.bss            0x00002e5c       0xa0
                0x00002e5c                . = ALIGN (0x4)
                0x00002e5c                _fbss = .
 *(.dynsbss)
 *(.sbss .sbss.* .gnu.linkonce.sb.*)
 *(.scommon)
 *(.dynbss)
 *(.bss .bss.* .gnu.linkonce.b.*)
 .bss           0x00002e5c        0x0 crt0ram.o
 .bss           0x00002e5c        0x0 main.o
 .bss           0x00002e5c        0x1 soc-hw.o
 *fill*         0x00002e5d        0x3 00
 .bss           0x00002e60        0xc softfloat.o
                0x00002e68                float_detect_tininess
                0x00002e64                float_exception_flags
                0x00002e60                float_rounding_mode
 .bss           0x00002e6c        0x0 LSM9DS1.o
 .bss           0x00002e6c        0xc MPL3115A2.o
 *(COMMON)
 COMMON         0x00002e78       0x84 soc-hw.o
                0x00002e78                isr_table
                0x00002ef8                tic_msec
                0x00002efc                _ebss = .
                0x00002efc                _end = .
                0x00003ffc                PROVIDE (_fstack, 0x3ffc)
LOAD crt0ram.o
LOAD main.o
LOAD soc-hw.o
LOAD softfloat.o
LOAD LSM9DS1.o
LOAD MPL3115A2.o
OUTPUT(image elf32-lm32)

.debug_abbrev   0x00000000      0x830
 .debug_abbrev  0x00000000       0x5b main.o
 .debug_abbrev  0x0000005b      0x2dc soc-hw.o
 .debug_abbrev  0x00000337      0x30f softfloat.o
 .debug_abbrev  0x00000646       0xea LSM9DS1.o
 .debug_abbrev  0x00000730      0x100 MPL3115A2.o

.debug_info     0x00000000     0x2e24
 .debug_info    0x00000000       0x8f main.o
 .debug_info    0x0000008f      0xba2 soc-hw.o
 .debug_info    0x00000c31     0x1e79 softfloat.o
 .debug_info    0x00002aaa      0x157 LSM9DS1.o
 .debug_info    0x00002c01      0x223 MPL3115A2.o

.debug_line     0x00000000     0x28eb
 .debug_line    0x00000000       0xab main.o
 .debug_line    0x000000ab      0x924 soc-hw.o
 .debug_line    0x000009cf     0x1c8a softfloat.o
 .debug_line    0x00002659       0xd4 LSM9DS1.o
 .debug_line    0x0000272d      0x1be MPL3115A2.o

.debug_frame    0x00000000      0x4b0
 .debug_frame   0x00000000       0x20 main.o
 .debug_frame   0x00000020      0x200 soc-hw.o
 .debug_frame   0x00000220      0x1e0 softfloat.o
 .debug_frame   0x00000400       0x50 LSM9DS1.o
 .debug_frame   0x00000450       0x60 MPL3115A2.o

.debug_loc      0x00000000     0x2373
 .debug_loc     0x00000000       0x26 main.o
 .debug_loc     0x00000026      0x318 soc-hw.o
 .debug_loc     0x0000033e     0x1f09 softfloat.o
 .debug_loc     0x00002247       0x78 LSM9DS1.o
 .debug_loc     0x000022bf       0xb4 MPL3115A2.o

.debug_pubnames
                0x00000000      0x541
 .debug_pubnames
                0x00000000       0x1b main.o
 .debug_pubnames
                0x0000001b      0x258 soc-hw.o
 .debug_pubnames
                0x00000273      0x21e softfloat.o
 .debug_pubnames
                0x00000491       0x4c LSM9DS1.o
 .debug_pubnames
                0x000004dd       0x64 MPL3115A2.o

.debug_aranges  0x00000000       0xa0
 .debug_aranges
                0x00000000       0x20 main.o
 .debug_aranges
                0x00000020       0x20 soc-hw.o
 .debug_aranges
                0x00000040       0x20 softfloat.o
 .debug_aranges
                0x00000060       0x20 LSM9DS1.o
 .debug_aranges
                0x00000080       0x20 MPL3115A2.o

.debug_str      0x00000000      0xa03
 .debug_str     0x00000000       0x7e main.o
                                 0x9c (size before relaxing)
 .debug_str     0x0000007e      0x2e9 soc-hw.o
                                0x388 (size before relaxing)
 .debug_str     0x00000367      0x613 softfloat.o
                                0x6b5 (size before relaxing)
 .debug_str     0x0000097a       0x3f LSM9DS1.o
                                 0xcd (size before relaxing)
 .debug_str     0x000009b9       0x4a MPL3115A2.o
                                 0xfe (size before relaxing)

.comment        0x00000000       0x5a
 .comment       0x00000000       0x12 main.o
 .comment       0x00000012       0x12 soc-hw.o
 .comment       0x00000024       0x12 softfloat.o
 .comment       0x00000036       0x12 LSM9DS1.o
 .comment       0x00000048       0x12 MPL3115A2.o

.debug_ranges   0x00000000      0xc28
 .debug_ranges  0x00000000      0x220 soc-hw.o
 .debug_ranges  0x00000220      0xa08 softfloat.o
