
Allocating common symbols
Common symbol       size              file

isr_table           0x80              soc-hw.o
tic_msec            0x4               soc-hw.o

Memory Configuration

Name             Origin             Length             Attributes
ram              0x00000000         0x00004000
*default*        0x00000000         0xffffffff

Linker script and memory map

                0x00000000                __DYNAMIC = 0x0
                0x00000000                _RAM_START = 0x0
                0x00004000                _RAM_SIZE = 0x4000
                0x00004000                _RAM_END = (_RAM_START + _RAM_SIZE)

.text           0x00000000     0x278c
                0x00000000                _ftext = .
 *(.text .stub .text.* .gnu.linkonce.t.*)
 .text          0x00000000      0x208 crt0ram.o
                0x00000200                get_gp
                0x000001f8                get_sp
                0x00000140                irq_enable
                0x00000160                irq_get_mask
                0x00000000                _start
                0x00000168                jump
                0x00000158                irq_set_mask
                0x0000014c                irq_disable
                0x0000016c                halt
 .text          0x00000208       0x3c main.o
                0x00000208                main
 .text          0x00000244      0x67c soc-hw.o
                0x00000574                I2CreadByte
                0x00000374                tic_isr
                0x0000046c                i2c_putdata
                0x00000434                uart_putstr
                0x00000514                i2c_sleep
                0x000002e8                isr_unregister
                0x0000085c                everloop_putdata_3
                0x00000340                nsleep
                0x000003ec                uart_getchar
                0x00000874                pwm_init
                0x000003e8                uart_init
                0x000002d0                isr_register
                0x0000082c                everloop_putdata_1
                0x00000664                I2CreadBytes
                0x000004b8                i2c_putdatas
                0x00000844                everloop_putdata_2
                0x000002ac                isr_init
                0x000004fc                i2c_init
                0x00000248                irq_handler
                0x00000244                isr_null
                0x00000890                pwm_duty
                0x00000790                I2CwriteByte
                0x000003a0                tic_init
                0x00000494                i2c_putrwaddr
                0x000008a8                pwm_enable
                0x00000544                i2c_getdata
                0x00000308                msleep
                0x00000410                uart_putchar
 .text          0x000008c0     0x1e00 softfloat.o
                0x00000ecc                float32_to_int32_round_to_zero
                0x000025bc                float32_artan
                0x00001774                float32_div
                0x00001484                float32_add
                0x00000a3c                float32_is_signaling_nan
                0x00000a28                float32_is_nan
                0x00002234                float32_lt
                0x00001dbc                float32_sqrt
                0x000022ec                float32_eq_signaling
                0x00000fb4                float32_round_to_int
                0x00000a10                float_raise
                0x00000d8c                float32_to_int32
                0x0000238c                float32_le_quiet
                0x0000261c                float32_pow2
                0x00001a9c                float32_rem
                0x00000d3c                int32_to_float32
                0x000014fc                float32_mul
                0x00002090                float32_eq
                0x00002494                float32_lt_quiet
                0x0000258c                float32_abs
                0x00002638                float32_filterKom
                0x000014c0                float32_sub
                0x00002174                float32_le
 .text          0x000026c0       0x48 LSM9DS1.o
                0x000026e4                mReadByte
                0x000026c0                agReadByte
 .text          0x00002708       0x84 MPL3115A2.o
                0x00002768                MPLReadByte
                0x00002708                MPLWriteByte
                0x00002734                MPLBegin
                0x0000278c                _etext = .

.rodata         0x0000278c      0x450
                0x0000278c                . = ALIGN (0x4)
                0x0000278c                _frodata = .
 *(.rodata .rodata.* .gnu.linkonce.r.*)
 .rodata.str1.4
                0x0000278c       0x10 main.o
 .rodata        0x0000279c      0x440 softfloat.o
 *(.rodata1)
                0x00002bdc                _erodata = .

.data           0x00002bdc       0x1c
                0x00002bdc                . = ALIGN (0x4)
                0x00002bdc                _fdata = .
 *(.data .data.* .gnu.linkonce.d.*)
 .data          0x00002bdc        0x0 crt0ram.o
 .data          0x00002bdc        0x0 main.o
 .data          0x00002bdc       0x1c soc-hw.o
                0x00002bdc                uart0
                0x00002bf0                i2c0
                0x00002be0                timer0
                0x00002be4                gpio0
                0x00002bec                everloop0
                0x00002bf4                pwm0
                0x00002be8                spi0
 .data          0x00002bf8        0x0 softfloat.o
 .data          0x00002bf8        0x0 LSM9DS1.o
 .data          0x00002bf8        0x0 MPL3115A2.o
 *(.data1)
                0x00002c00                _gp = ALIGN (0x10)
 *(.sdata .sdata.* .gnu.linkonce.s.*)
                0x00002bf8                _edata = .

.bss            0x00002bf8       0x94
                0x00002bf8                . = ALIGN (0x4)
                0x00002bf8                _fbss = .
 *(.dynsbss)
 *(.sbss .sbss.* .gnu.linkonce.sb.*)
 *(.scommon)
 *(.dynbss)
 *(.bss .bss.* .gnu.linkonce.b.*)
 .bss           0x00002bf8        0x0 crt0ram.o
 .bss           0x00002bf8        0x0 main.o
 .bss           0x00002bf8        0x1 soc-hw.o
 *fill*         0x00002bf9        0x3 00
 .bss           0x00002bfc        0xc softfloat.o
                0x00002c04                float_detect_tininess
                0x00002c00                float_exception_flags
                0x00002bfc                float_rounding_mode
 .bss           0x00002c08        0x0 LSM9DS1.o
 .bss           0x00002c08        0x0 MPL3115A2.o
 *(COMMON)
 COMMON         0x00002c08       0x84 soc-hw.o
                0x00002c08                isr_table
                0x00002c88                tic_msec
                0x00002c8c                _ebss = .
                0x00002c8c                _end = .
                0x00003ffc                PROVIDE (_fstack, 0x3ffc)
LOAD crt0ram.o
LOAD main.o
LOAD soc-hw.o
LOAD softfloat.o
LOAD LSM9DS1.o
LOAD MPL3115A2.o
OUTPUT(image elf32-lm32)

.debug_abbrev   0x00000000      0x72d
 .debug_abbrev  0x00000000       0x3f main.o
 .debug_abbrev  0x0000003f      0x298 soc-hw.o
 .debug_abbrev  0x000002d7      0x30f softfloat.o
 .debug_abbrev  0x000005e6       0x76 LSM9DS1.o
 .debug_abbrev  0x0000065c       0xd1 MPL3115A2.o

.debug_info     0x00000000     0x2b37
 .debug_info    0x00000000       0x58 main.o
 .debug_info    0x00000058      0xab9 soc-hw.o
 .debug_info    0x00000b11     0x1e79 softfloat.o
 .debug_info    0x0000298a       0x9f LSM9DS1.o
 .debug_info    0x00002a29      0x10e MPL3115A2.o

.debug_line     0x00000000     0x26d9
 .debug_line    0x00000000       0x73 main.o
 .debug_line    0x00000073      0x88c soc-hw.o
 .debug_line    0x000008ff     0x1c8a softfloat.o
 .debug_line    0x00002589       0x9a LSM9DS1.o
 .debug_line    0x00002623       0xb6 MPL3115A2.o

.debug_frame    0x00000000      0x440
 .debug_frame   0x00000000       0x20 main.o
 .debug_frame   0x00000020      0x1d0 soc-hw.o
 .debug_frame   0x000001f0      0x1e0 softfloat.o
 .debug_frame   0x000003d0       0x30 LSM9DS1.o
 .debug_frame   0x00000400       0x40 MPL3115A2.o

.debug_pubnames
                0x00000000      0x4d8
 .debug_pubnames
                0x00000000       0x1b main.o
 .debug_pubnames
                0x0000001b      0x230 soc-hw.o
 .debug_pubnames
                0x0000024b      0x21e softfloat.o
 .debug_pubnames
                0x00000469       0x2f LSM9DS1.o
 .debug_pubnames
                0x00000498       0x40 MPL3115A2.o

.debug_aranges  0x00000000       0xa0
 .debug_aranges
                0x00000000       0x20 main.o
 .debug_aranges
                0x00000020       0x20 soc-hw.o
 .debug_aranges
                0x00000040       0x20 softfloat.o
 .debug_aranges
                0x00000060       0x20 LSM9DS1.o
 .debug_aranges
                0x00000080       0x20 MPL3115A2.o

.debug_str      0x00000000      0x9da
 .debug_str     0x00000000       0x74 main.o
                                 0x8d (size before relaxing)
 .debug_str     0x00000074      0x2a9 soc-hw.o
                                0x354 (size before relaxing)
 .debug_str     0x0000031d      0x665 softfloat.o
                                0x6b9 (size before relaxing)
 .debug_str     0x00000982       0x2a LSM9DS1.o
                                 0xb3 (size before relaxing)
 .debug_str     0x000009ac       0x2e MPL3115A2.o
                                 0xc7 (size before relaxing)

.comment        0x00000000       0x5a
 .comment       0x00000000       0x12 main.o
 .comment       0x00000012       0x12 soc-hw.o
 .comment       0x00000024       0x12 softfloat.o
 .comment       0x00000036       0x12 LSM9DS1.o
 .comment       0x00000048       0x12 MPL3115A2.o

.debug_loc      0x00000000     0x2221
 .debug_loc     0x00000000      0x282 soc-hw.o
 .debug_loc     0x00000282     0x1f09 softfloat.o
 .debug_loc     0x0000218b       0x3c LSM9DS1.o
 .debug_loc     0x000021c7       0x5a MPL3115A2.o

.debug_ranges   0x00000000      0xc28
 .debug_ranges  0x00000000      0x220 soc-hw.o
 .debug_ranges  0x00000220      0xa08 softfloat.o
