
Allocating common symbols
Common symbol       size              file

isr_table           0x80              soc-hw.o
tic_msec            0x4               soc-hw.o

Memory Configuration

Name             Origin             Length             Attributes
ram              0x00000000         0x00004000
*default*        0x00000000         0xffffffff

Linker script and memory map

                0x00000000                __DYNAMIC = 0x0
                0x00000000                _RAM_START = 0x0
                0x00004000                _RAM_SIZE = 0x4000
                0x00004000                _RAM_END = (_RAM_START + _RAM_SIZE)

.text           0x00000000     0x2930
                0x00000000                _ftext = .
 *(.text .stub .text.* .gnu.linkonce.t.*)
 .text          0x00000000      0x208 crt0ram.o
                0x00000200                get_gp
                0x000001f8                get_sp
                0x00000140                irq_enable
                0x00000160                irq_get_mask
                0x00000000                _start
                0x00000168                jump
                0x00000158                irq_set_mask
                0x0000014c                irq_disable
                0x0000016c                halt
 .text          0x00000208       0x48 main.o
                0x00000208                main
 .text          0x00000250      0x67c soc-hw.o
                0x00000580                I2CreadByte
                0x00000380                tic_isr
                0x00000478                i2c_putdata
                0x00000440                uart_putstr
                0x00000520                i2c_sleep
                0x000002f4                isr_unregister
                0x00000868                everloop_putdata_3
                0x0000034c                nsleep
                0x000003f8                uart_getchar
                0x00000880                pwm_init
                0x000003f4                uart_init
                0x000002dc                isr_register
                0x00000838                everloop_putdata_1
                0x00000670                I2CreadBytes
                0x000004c4                i2c_putdatas
                0x00000850                everloop_putdata_2
                0x000002b8                isr_init
                0x00000508                i2c_init
                0x00000254                irq_handler
                0x00000250                isr_null
                0x0000089c                pwm_duty
                0x0000079c                I2CwriteByte
                0x000003ac                tic_init
                0x000004a0                i2c_putrwaddr
                0x000008b4                pwm_enable
                0x00000550                i2c_getdata
                0x00000314                msleep
                0x0000041c                uart_putchar
 .text          0x000008cc     0x1e00 softfloat.o
                0x00000ed8                float32_to_int32_round_to_zero
                0x000025c8                float32_artan
                0x00001780                float32_div
                0x00001490                float32_add
                0x00000a48                float32_is_signaling_nan
                0x00000a34                float32_is_nan
                0x00002240                float32_lt
                0x00001dc8                float32_sqrt
                0x000022f8                float32_eq_signaling
                0x00000fc0                float32_round_to_int
                0x00000a1c                float_raise
                0x00000d98                float32_to_int32
                0x00002398                float32_le_quiet
                0x00002628                float32_pow2
                0x00001aa8                float32_rem
                0x00000d48                int32_to_float32
                0x00001508                float32_mul
                0x0000209c                float32_eq
                0x000024a0                float32_lt_quiet
                0x00002598                float32_abs
                0x00002644                float32_filterKom
                0x000014cc                float32_sub
                0x00002180                float32_le
 .text          0x000026cc       0x48 LSM9DS1.o
                0x000026f0                mReadByte
                0x000026cc                agReadByte
 .text          0x00002714      0x21c MPL3115A2.o
                0x000027a4                MPLReadByte
                0x00002744                MPLWriteByte
                0x00002714                MPLReadBytes
                0x00002770                MPLBegin
                0x000027c8                MPLgetAltitude
                0x00002930                _etext = .

.rodata         0x00002930      0x460
                0x00002930                . = ALIGN (0x4)
                0x00002930                _frodata = .
 *(.rodata .rodata.* .gnu.linkonce.r.*)
 .rodata.str1.4
                0x00002930        0xd main.o
                                 0x10 (size before relaxing)
 *fill*         0x0000293d        0x3 00
 .rodata        0x00002940      0x440 softfloat.o
 .rodata.str1.4
                0x00002d80       0x10 MPL3115A2.o
 *(.rodata1)
                0x00002d90                _erodata = .

.data           0x00002d90       0x1c
                0x00002d90                . = ALIGN (0x4)
                0x00002d90                _fdata = .
 *(.data .data.* .gnu.linkonce.d.*)
 .data          0x00002d90        0x0 crt0ram.o
 .data          0x00002d90        0x0 main.o
 .data          0x00002d90       0x1c soc-hw.o
                0x00002d90                uart0
                0x00002da4                i2c0
                0x00002d94                timer0
                0x00002d98                gpio0
                0x00002da0                everloop0
                0x00002da8                pwm0
                0x00002d9c                spi0
 .data          0x00002dac        0x0 softfloat.o
 .data          0x00002dac        0x0 LSM9DS1.o
 .data          0x00002dac        0x0 MPL3115A2.o
 *(.data1)
                0x00002db0                _gp = ALIGN (0x10)
 *(.sdata .sdata.* .gnu.linkonce.s.*)
                0x00002dac                _edata = .

.bss            0x00002dac       0xa0
                0x00002dac                . = ALIGN (0x4)
                0x00002dac                _fbss = .
 *(.dynsbss)
 *(.sbss .sbss.* .gnu.linkonce.sb.*)
 *(.scommon)
 *(.dynbss)
 *(.bss .bss.* .gnu.linkonce.b.*)
 .bss           0x00002dac        0x0 crt0ram.o
 .bss           0x00002dac        0x0 main.o
 .bss           0x00002dac        0x1 soc-hw.o
 *fill*         0x00002dad        0x3 00
 .bss           0x00002db0        0xc softfloat.o
                0x00002db8                float_detect_tininess
                0x00002db4                float_exception_flags
                0x00002db0                float_rounding_mode
 .bss           0x00002dbc        0x0 LSM9DS1.o
 .bss           0x00002dbc        0xc MPL3115A2.o
 *(COMMON)
 COMMON         0x00002dc8       0x84 soc-hw.o
                0x00002dc8                isr_table
                0x00002e48                tic_msec
                0x00002e4c                _ebss = .
                0x00002e4c                _end = .
                0x00003ffc                PROVIDE (_fstack, 0x3ffc)
LOAD crt0ram.o
LOAD main.o
LOAD soc-hw.o
LOAD softfloat.o
LOAD LSM9DS1.o
LOAD MPL3115A2.o
OUTPUT(image elf32-lm32)

.debug_abbrev   0x00000000      0x7ae
 .debug_abbrev  0x00000000       0x3f main.o
 .debug_abbrev  0x0000003f      0x298 soc-hw.o
 .debug_abbrev  0x000002d7      0x30f softfloat.o
 .debug_abbrev  0x000005e6       0x76 LSM9DS1.o
 .debug_abbrev  0x0000065c      0x152 MPL3115A2.o

.debug_info     0x00000000     0x2cdf
 .debug_info    0x00000000       0x58 main.o
 .debug_info    0x00000058      0xab9 soc-hw.o
 .debug_info    0x00000b11     0x1e79 softfloat.o
 .debug_info    0x0000298a       0x9f LSM9DS1.o
 .debug_info    0x00002a29      0x2b6 MPL3115A2.o

.debug_line     0x00000000     0x2846
 .debug_line    0x00000000       0x96 main.o
 .debug_line    0x00000096      0x88c soc-hw.o
 .debug_line    0x00000922     0x1c8a softfloat.o
 .debug_line    0x000025ac       0x9a LSM9DS1.o
 .debug_line    0x00002646      0x200 MPL3115A2.o

.debug_frame    0x00000000      0x460
 .debug_frame   0x00000000       0x20 main.o
 .debug_frame   0x00000020      0x1d0 soc-hw.o
 .debug_frame   0x000001f0      0x1e0 softfloat.o
 .debug_frame   0x000003d0       0x30 LSM9DS1.o
 .debug_frame   0x00000400       0x60 MPL3115A2.o

.debug_pubnames
                0x00000000      0x4fc
 .debug_pubnames
                0x00000000       0x1b main.o
 .debug_pubnames
                0x0000001b      0x230 soc-hw.o
 .debug_pubnames
                0x0000024b      0x21e softfloat.o
 .debug_pubnames
                0x00000469       0x2f LSM9DS1.o
 .debug_pubnames
                0x00000498       0x64 MPL3115A2.o

.debug_aranges  0x00000000       0xa0
 .debug_aranges
                0x00000000       0x20 main.o
 .debug_aranges
                0x00000020       0x20 soc-hw.o
 .debug_aranges
                0x00000040       0x20 softfloat.o
 .debug_aranges
                0x00000060       0x20 LSM9DS1.o
 .debug_aranges
                0x00000080       0x20 MPL3115A2.o

.debug_str      0x00000000      0x9a4
 .debug_str     0x00000000       0x74 main.o
                                 0x8d (size before relaxing)
 .debug_str     0x00000074      0x2a9 soc-hw.o
                                0x354 (size before relaxing)
 .debug_str     0x0000031d      0x613 softfloat.o
                                0x6b5 (size before relaxing)
 .debug_str     0x00000930       0x2a LSM9DS1.o
                                 0xb3 (size before relaxing)
 .debug_str     0x0000095a       0x4a MPL3115A2.o
                                0x12e (size before relaxing)

.comment        0x00000000       0x5a
 .comment       0x00000000       0x12 main.o
 .comment       0x00000012       0x12 soc-hw.o
 .comment       0x00000024       0x12 softfloat.o
 .comment       0x00000036       0x12 LSM9DS1.o
 .comment       0x00000048       0x12 MPL3115A2.o

.debug_loc      0x00000000     0x227b
 .debug_loc     0x00000000      0x282 soc-hw.o
 .debug_loc     0x00000282     0x1f09 softfloat.o
 .debug_loc     0x0000218b       0x3c LSM9DS1.o
 .debug_loc     0x000021c7       0xb4 MPL3115A2.o

.debug_ranges   0x00000000      0xc40
 .debug_ranges  0x00000000      0x220 soc-hw.o
 .debug_ranges  0x00000220      0xa08 softfloat.o
 .debug_ranges  0x00000c28       0x18 MPL3115A2.o
