
Allocating common symbols
Common symbol       size              file

isr_table           0x80              soc-hw.o
tic_msec            0x4               soc-hw.o

Memory Configuration

Name             Origin             Length             Attributes
ram              0x00000000         0x00004000
*default*        0x00000000         0xffffffff

Linker script and memory map

                0x00000000                __DYNAMIC = 0x0
                0x00000000                _RAM_START = 0x0
                0x00004000                _RAM_SIZE = 0x4000
                0x00004000                _RAM_END = (_RAM_START + _RAM_SIZE)

.text           0x00000000     0x2804
                0x00000000                _ftext = .
 *(.text .stub .text.* .gnu.linkonce.t.*)
 .text          0x00000000      0x208 crt0ram.o
                0x00000200                get_gp
                0x000001f8                get_sp
                0x00000140                irq_enable
                0x00000160                irq_get_mask
                0x00000000                _start
                0x00000168                jump
                0x00000158                irq_set_mask
                0x0000014c                irq_disable
                0x0000016c                halt
 .text          0x00000208      0x138 main.o
                0x00000208                main
 .text          0x00000340      0x67c soc-hw.o
                0x00000670                I2CreadByte
                0x00000470                tic_isr
                0x00000568                i2c_putdata
                0x00000530                uart_putstr
                0x00000610                i2c_sleep
                0x000003e4                isr_unregister
                0x00000958                everloop_putdata_3
                0x0000043c                nsleep
                0x000004e8                uart_getchar
                0x00000970                pwm_init
                0x000004e4                uart_init
                0x000003cc                isr_register
                0x00000928                everloop_putdata_1
                0x00000760                I2CreadBytes
                0x000005b4                i2c_putdatas
                0x00000940                everloop_putdata_2
                0x000003a8                isr_init
                0x000005f8                i2c_init
                0x00000344                irq_handler
                0x00000340                isr_null
                0x0000098c                pwm_duty
                0x0000088c                I2CwriteByte
                0x0000049c                tic_init
                0x00000590                i2c_putrwaddr
                0x000009a4                pwm_enable
                0x00000640                i2c_getdata
                0x00000404                msleep
                0x0000050c                uart_putchar
 .text          0x000009bc     0x1e00 softfloat.o
                0x00000fc8                float32_to_int32_round_to_zero
                0x000026b8                float32_artan
                0x00001870                float32_div
                0x00001580                float32_add
                0x00000b38                float32_is_signaling_nan
                0x00000b24                float32_is_nan
                0x00002330                float32_lt
                0x00001eb8                float32_sqrt
                0x000023e8                float32_eq_signaling
                0x000010b0                float32_round_to_int
                0x00000b0c                float_raise
                0x00000e88                float32_to_int32
                0x00002488                float32_le_quiet
                0x00002718                float32_pow2
                0x00001b98                float32_rem
                0x00000e38                int32_to_float32
                0x000015f8                float32_mul
                0x0000218c                float32_eq
                0x00002590                float32_lt_quiet
                0x00002688                float32_abs
                0x00002734                float32_filterKom
                0x000015bc                float32_sub
                0x00002270                float32_le
 .text          0x000027bc       0x48 LSM9DS1.o
                0x000027e0                mReadByte
                0x000027bc                agReadByte
                0x00002804                _etext = .

.rodata         0x00002804      0x450
                0x00002804                . = ALIGN (0x4)
                0x00002804                _frodata = .
 *(.rodata .rodata.* .gnu.linkonce.r.*)
 .rodata.str1.4
                0x00002804       0x10 main.o
 .rodata        0x00002814      0x440 softfloat.o
 *(.rodata1)
                0x00002c54                _erodata = .

.data           0x00002c54       0x1c
                0x00002c54                . = ALIGN (0x4)
                0x00002c54                _fdata = .
 *(.data .data.* .gnu.linkonce.d.*)
 .data          0x00002c54        0x0 crt0ram.o
 .data          0x00002c54        0x0 main.o
 .data          0x00002c54       0x1c soc-hw.o
                0x00002c54                uart0
                0x00002c68                i2c0
                0x00002c58                timer0
                0x00002c5c                gpio0
                0x00002c64                everloop0
                0x00002c6c                pwm0
                0x00002c60                spi0
 .data          0x00002c70        0x0 softfloat.o
 .data          0x00002c70        0x0 LSM9DS1.o
 *(.data1)
                0x00002c70                _gp = ALIGN (0x10)
 *(.sdata .sdata.* .gnu.linkonce.s.*)
                0x00002c70                _edata = .

.bss            0x00002c70       0xac
                0x00002c70                . = ALIGN (0x4)
                0x00002c70                _fbss = .
 *(.dynsbss)
 *(.sbss .sbss.* .gnu.linkonce.sb.*)
 *(.scommon)
 *(.dynbss)
 *(.bss .bss.* .gnu.linkonce.b.*)
 .bss           0x00002c70        0x0 crt0ram.o
 .bss           0x00002c70       0x18 main.o
 .bss           0x00002c88        0x1 soc-hw.o
 *fill*         0x00002c89        0x3 00
 .bss           0x00002c8c        0xc softfloat.o
                0x00002c94                float_detect_tininess
                0x00002c90                float_exception_flags
                0x00002c8c                float_rounding_mode
 .bss           0x00002c98        0x0 LSM9DS1.o
 *(COMMON)
 COMMON         0x00002c98       0x84 soc-hw.o
                0x00002c98                isr_table
                0x00002d18                tic_msec
                0x00002d1c                _ebss = .
                0x00002d1c                _end = .
                0x00003ffc                PROVIDE (_fstack, 0x3ffc)
LOAD crt0ram.o
LOAD main.o
LOAD soc-hw.o
LOAD softfloat.o
LOAD LSM9DS1.o
OUTPUT(image elf32-lm32)

.debug_abbrev   0x00000000      0x6ea
 .debug_abbrev  0x00000000       0xcd main.o
 .debug_abbrev  0x000000cd      0x298 soc-hw.o
 .debug_abbrev  0x00000365      0x30f softfloat.o
 .debug_abbrev  0x00000674       0x76 LSM9DS1.o

.debug_info     0x00000000     0x2af2
 .debug_info    0x00000000      0x121 main.o
 .debug_info    0x00000121      0xab9 soc-hw.o
 .debug_info    0x00000bda     0x1e79 softfloat.o
 .debug_info    0x00002a53       0x9f LSM9DS1.o

.debug_line     0x00000000     0x272d
 .debug_line    0x00000000      0x17d main.o
 .debug_line    0x0000017d      0x88c soc-hw.o
 .debug_line    0x00000a09     0x1c8a softfloat.o
 .debug_line    0x00002693       0x9a LSM9DS1.o

.debug_frame    0x00000000      0x400
 .debug_frame   0x00000000       0x20 main.o
 .debug_frame   0x00000020      0x1d0 soc-hw.o
 .debug_frame   0x000001f0      0x1e0 softfloat.o
 .debug_frame   0x000003d0       0x30 LSM9DS1.o

.debug_pubnames
                0x00000000      0x498
 .debug_pubnames
                0x00000000       0x1b main.o
 .debug_pubnames
                0x0000001b      0x230 soc-hw.o
 .debug_pubnames
                0x0000024b      0x21e softfloat.o
 .debug_pubnames
                0x00000469       0x2f LSM9DS1.o

.debug_aranges  0x00000000       0x80
 .debug_aranges
                0x00000000       0x20 main.o
 .debug_aranges
                0x00000020       0x20 soc-hw.o
 .debug_aranges
                0x00000040       0x20 softfloat.o
 .debug_aranges
                0x00000060       0x20 LSM9DS1.o

.debug_str      0x00000000      0x9ac
 .debug_str     0x00000000       0xa9 main.o
                                 0xc2 (size before relaxing)
 .debug_str     0x000000a9      0x279 soc-hw.o
                                0x354 (size before relaxing)
 .debug_str     0x00000322      0x660 softfloat.o
                                0x6b9 (size before relaxing)
 .debug_str     0x00000982       0x2a LSM9DS1.o
                                 0xb7 (size before relaxing)

.comment        0x00000000       0x48
 .comment       0x00000000       0x12 main.o
 .comment       0x00000012       0x12 soc-hw.o
 .comment       0x00000024       0x12 softfloat.o
 .comment       0x00000036       0x12 LSM9DS1.o

.debug_loc      0x00000000     0x21c7
 .debug_loc     0x00000000      0x282 soc-hw.o
 .debug_loc     0x00000282     0x1f09 softfloat.o
 .debug_loc     0x0000218b       0x3c LSM9DS1.o

.debug_ranges   0x00000000      0xc28
 .debug_ranges  0x00000000      0x220 soc-hw.o
 .debug_ranges  0x00000220      0xa08 softfloat.o
