
Allocating common symbols
Common symbol       size              file

isr_table           0x80              soc-hw.o
tic_msec            0x4               soc-hw.o

Memory Configuration

Name             Origin             Length             Attributes
ram              0x00000000         0x00001000
*default*        0x00000000         0xffffffff

Linker script and memory map

                0x00000000                __DYNAMIC = 0x0
                0x00000000                _RAM_START = 0x0
                0x00001000                _RAM_SIZE = 0x1000
                0x00001000                _RAM_END = (_RAM_START + _RAM_SIZE)

.text           0x00000000      0x770
                0x00000000                _ftext = .
 *(.text .stub .text.* .gnu.linkonce.t.*)
 .text          0x00000000      0x208 crt0ram.o
                0x00000200                get_gp
                0x000001f8                get_sp
                0x00000140                irq_enable
                0x00000160                irq_get_mask
                0x00000000                _start
                0x00000168                jump
                0x00000158                irq_set_mask
                0x0000014c                irq_disable
                0x0000016c                halt
 .text          0x00000208       0xb0 main.o
                0x00000208                main
 .text          0x000002b8      0x4b8 soc-hw.o
                0x000002b8                prueba
                0x00000450                tic_isr
                0x00000728                spi_putstr
                0x00000510                uart_putstr
                0x00000654                spi_init
                0x000005f4                i2c_sleep
                0x000003b0                isr_unregister
                0x000006b0                spi_continue
                0x00000704                spi_putchar
                0x0000040c                nsleep
                0x000004c8                uart_getchar
                0x000004c4                uart_init
                0x000006e4                spi_cont_d
                0x00000398                isr_register
                0x00000690                spi_sleep
                0x00000598                i2c_putdatas
                0x00000374                isr_init
                0x000005dc                i2c_init
                0x00000310                irq_handler
                0x0000030c                isr_null
                0x0000047c                tic_init
                0x00000570                i2c_putrwaddr
                0x00000548                i2c_putchar
                0x0000066c                spi_getchar
                0x00000624                i2c_getdata
                0x000003d0                msleep
                0x000004ec                uart_putchar
                0x00000770                _etext = .

.rodata         0x00000770       0x34
                0x00000770                . = ALIGN (0x4)
                0x00000770                _frodata = .
 *(.rodata .rodata.* .gnu.linkonce.r.*)
 .rodata.str1.4
                0x00000770       0x34 main.o
 *(.rodata1)
                0x000007a4                _erodata = .

.data           0x000007a4       0x14
                0x000007a4                . = ALIGN (0x4)
                0x000007a4                _fdata = .
 *(.data .data.* .gnu.linkonce.d.*)
 .data          0x000007a4        0x0 crt0ram.o
 .data          0x000007a4        0x0 main.o
 .data          0x000007a4       0x14 soc-hw.o
                0x000007a4                uart0
                0x000007b4                i2c0
                0x000007a8                timer0
                0x000007ac                gpio0
                0x000007b0                spi0
 *(.data1)
                0x000007c0                _gp = ALIGN (0x10)
 *(.sdata .sdata.* .gnu.linkonce.s.*)
                0x000007b8                _edata = .

.bss            0x000007b8       0x88
                0x000007b8                . = ALIGN (0x4)
                0x000007b8                _fbss = .
 *(.dynsbss)
 *(.sbss .sbss.* .gnu.linkonce.sb.*)
 *(.scommon)
 *(.dynbss)
 *(.bss .bss.* .gnu.linkonce.b.*)
 .bss           0x000007b8        0x0 crt0ram.o
 .bss           0x000007b8        0x0 main.o
 .bss           0x000007b8        0x1 soc-hw.o
 *(COMMON)
 *fill*         0x000007b9        0x3 00
 COMMON         0x000007bc       0x84 soc-hw.o
                0x000007bc                isr_table
                0x0000083c                tic_msec
                0x00000840                _ebss = .
                0x00000840                _end = .
                0x00000ffc                PROVIDE (_fstack, 0xffc)
LOAD crt0ram.o
LOAD main.o
LOAD soc-hw.o
OUTPUT(image elf32-lm32)

.debug_abbrev   0x00000000      0x214
 .debug_abbrev  0x00000000       0x3f main.o
 .debug_abbrev  0x0000003f      0x1d5 soc-hw.o

.debug_info     0x00000000      0x752
 .debug_info    0x00000000       0x58 main.o
 .debug_info    0x00000058      0x6fa soc-hw.o

.debug_line     0x00000000      0x690
 .debug_line    0x00000000      0x11b main.o
 .debug_line    0x0000011b      0x575 soc-hw.o

.debug_frame    0x00000000      0x1e0
 .debug_frame   0x00000000       0x20 main.o
 .debug_frame   0x00000020      0x1c0 soc-hw.o

.debug_pubnames
                0x00000000      0x209
 .debug_pubnames
                0x00000000       0x1b main.o
 .debug_pubnames
                0x0000001b      0x1ee soc-hw.o

.debug_aranges  0x00000000       0x40
 .debug_aranges
                0x00000000       0x20 main.o
 .debug_aranges
                0x00000020       0x20 soc-hw.o

.debug_str      0x00000000      0x296
 .debug_str     0x00000000       0x97 main.o
                                 0xa3 (size before relaxing)
 .debug_str     0x00000097      0x1ff soc-hw.o
                                0x2ac (size before relaxing)

.comment        0x00000000       0x24
 .comment       0x00000000       0x12 main.o
 .comment       0x00000012       0x12 soc-hw.o

.debug_loc      0x00000000      0x19e
 .debug_loc     0x00000000      0x19e soc-hw.o

.debug_ranges   0x00000000       0x38
 .debug_ranges  0x00000000       0x38 soc-hw.o
