
Memory Configuration

Name             Origin             Length             Attributes
bram             0x00000000         0x00001000
*default*        0x00000000         0xffffffff

Linker script and memory map

                0x00000000                __DYNAMIC = 0x0
                0x00000000                _BRAM_START = 0x0
                0x00001000                _BRAM_SIZE = 0x1000
                0x00001000                _BRAM_END = (_BRAM_START + _BRAM_SIZE)

.text           0x00000000      0x4dc
                0x00000000                _ftext = .
 *(.text .stub .text.* .gnu.linkonce.t.*)
 .text          0x00000000      0x114 crt0ram.o
                0x00000060                irq_enable
                0x00000000                _start
                0x00000084                jump
                0x0000006c                irq_mask
                0x00000078                irq_disable
                0x00000088                halt
 .text          0x00000114      0x2e4 main.o
                0x00000114                ps_ready
                0x000001cc                memtest
                0x00000224                scan_phase
                0x00000388                main
                0x00000178                ps_dec
                0x00000134                ps_inc
 .text          0x000003f8       0xe4 spike_hw.o
                0x000004a4                uart_putstr
                0x000003f8                sleep
                0x0000045c                uart_getchar
                0x00000458                uart_init
                0x00000430                tic_init
                0x00000480                uart_putchar
                0x000004dc                _etext = .

.rodata         0x000004dc       0x7c
                0x000004dc                . = ALIGN (0x4)
                0x000004dc                _frodata = .
 *(.rodata .rodata.* .gnu.linkonce.r.*)
 .rodata.str1.4
                0x000004dc       0x7c main.o
 *(.rodata1)
                0x00000558                _erodata = .

.data           0x00000558        0xc
                0x00000558                . = ALIGN (0x4)
                0x00000558                _fdata = .
 *(.data .data.* .gnu.linkonce.d.*)
 .data          0x00000558        0x0 crt0ram.o
 .data          0x00000558        0x0 main.o
 .data          0x00000558        0xc spike_hw.o
                0x00000558                uart0
                0x0000055c                timer0
                0x00000560                gpio0
 *(.data1)
                0x00000570                _gp = ALIGN (0x10)
 *(.sdata .sdata.* .gnu.linkonce.s.*)
                0x00000564                _edata = .

.bss            0x00000564        0x4
                0x00000564                . = ALIGN (0x4)
                0x00000564                _fbss = .
 *(.dynsbss)
 *(.sbss .sbss.* .gnu.linkonce.sb.*)
 *(.scommon)
 *(.dynbss)
 *(.bss .bss.* .gnu.linkonce.b.*)
 .bss           0x00000564        0x0 crt0ram.o
 .bss           0x00000564        0x0 main.o
 .bss           0x00000564        0x4 spike_hw.o
                0x00000564                msec
 *(COMMON)
                0x00000568                _ebss = .
                0x00000568                _end = .
                0x00000ffc                PROVIDE (_fstack, 0xffc)
LOAD crt0ram.o
LOAD main.o
LOAD spike_hw.o
OUTPUT(image elf32-lm32)

.debug_abbrev   0x00000000      0x317
 .debug_abbrev  0x00000000      0x1cb main.o
 .debug_abbrev  0x000001cb      0x14c spike_hw.o

.debug_info     0x00000000      0x613
 .debug_info    0x00000000      0x362 main.o
 .debug_info    0x00000362      0x2b1 spike_hw.o

.debug_line     0x00000000      0x4a0
 .debug_line    0x00000000      0x323 main.o
 .debug_line    0x00000323      0x17d spike_hw.o

.debug_frame    0x00000000       0xe0
 .debug_frame   0x00000000       0x70 main.o
 .debug_frame   0x00000070       0x70 spike_hw.o

.debug_loc      0x00000000      0x1fe
 .debug_loc     0x00000000      0x191 main.o
 .debug_loc     0x00000191       0x6d spike_hw.o

.debug_pubnames
                0x00000000       0xea
 .debug_pubnames
                0x00000000       0x59 main.o
 .debug_pubnames
                0x00000059       0x91 spike_hw.o

.debug_aranges  0x00000000       0x40
 .debug_aranges
                0x00000000       0x20 main.o
 .debug_aranges
                0x00000020       0x20 spike_hw.o

.debug_ranges   0x00000000       0xc0
 .debug_ranges  0x00000000       0xc0 main.o

.debug_str      0x00000000      0x177
 .debug_str     0x00000000       0xd9 main.o
                                 0xef (size before relaxing)
 .debug_str     0x000000d9       0x9e spike_hw.o
                                0x136 (size before relaxing)

.comment        0x00000000       0x24
 .comment       0x00000000       0x12 main.o
 .comment       0x00000012       0x12 spike_hw.o
