
Allocating common symbols
Common symbol       size              file

isr_table           0x80              soc-hw.o
tic_msec            0x4               soc-hw.o

Memory Configuration

Name             Origin             Length             Attributes
ram              0x00000000         0x00004000
*default*        0x00000000         0xffffffff

Linker script and memory map

                0x00000000                __DYNAMIC = 0x0
                0x00000000                _RAM_START = 0x0
                0x00004000                _RAM_SIZE = 0x4000
                0x00004000                _RAM_END = (_RAM_START + _RAM_SIZE)

.text           0x00000000     0x25d0
                0x00000000                _ftext = .
 *(.text .stub .text.* .gnu.linkonce.t.*)
 .text          0x00000000      0x208 crt0ram.o
                0x00000200                get_gp
                0x000001f8                get_sp
                0x00000140                irq_enable
                0x00000160                irq_get_mask
                0x00000000                _start
                0x00000168                jump
                0x00000158                irq_set_mask
                0x0000014c                irq_disable
                0x0000016c                halt
 .text          0x00000208      0x114 main.o
                0x00000208                main
 .text          0x0000031c      0x4b4 soc-hw.o
                0x0000064c                I2CreadByte
                0x0000044c                tic_isr
                0x00000544                i2c_putdata
                0x0000050c                uart_putstr
                0x000005ec                i2c_sleep
                0x000003c0                isr_unregister
                0x0000076c                everloop_putdata_3
                0x00000418                nsleep
                0x000004c4                uart_getchar
                0x00000784                pwm_init
                0x000004c0                uart_init
                0x000003a8                isr_register
                0x0000073c                everloop_putdata_1
                0x00000590                i2c_putdatas
                0x00000754                everloop_putdata_2
                0x00000384                isr_init
                0x000005d4                i2c_init
                0x00000320                irq_handler
                0x0000031c                isr_null
                0x000007a0                pwm_duty
                0x00000478                tic_init
                0x0000056c                i2c_putrwaddr
                0x000007b8                pwm_enable
                0x0000061c                i2c_getdata
                0x000003e0                msleep
                0x000004e8                uart_putchar
 .text          0x000007d0     0x1e00 softfloat.o
                0x00000ddc                float32_to_int32_round_to_zero
                0x000024cc                float32_artan
                0x00001684                float32_div
                0x00001394                float32_add
                0x0000094c                float32_is_signaling_nan
                0x00000938                float32_is_nan
                0x00002144                float32_lt
                0x00001ccc                float32_sqrt
                0x000021fc                float32_eq_signaling
                0x00000ec4                float32_round_to_int
                0x00000920                float_raise
                0x00000c9c                float32_to_int32
                0x0000229c                float32_le_quiet
                0x0000252c                float32_pow2
                0x000019ac                float32_rem
                0x00000c4c                int32_to_float32
                0x0000140c                float32_mul
                0x00001fa0                float32_eq
                0x000023a4                float32_lt_quiet
                0x0000249c                float32_abs
                0x00002548                float32_filterKom
                0x000013d0                float32_sub
                0x00002084                float32_le
                0x000025d0                _etext = .

.rodata         0x000025d0      0x44c
                0x000025d0                . = ALIGN (0x4)
                0x000025d0                _frodata = .
 *(.rodata .rodata.* .gnu.linkonce.r.*)
 .rodata.str1.4
                0x000025d0        0xc main.o
 .rodata        0x000025dc      0x440 softfloat.o
 *(.rodata1)
                0x00002a1c                _erodata = .

.data           0x00002a1c       0x1c
                0x00002a1c                . = ALIGN (0x4)
                0x00002a1c                _fdata = .
 *(.data .data.* .gnu.linkonce.d.*)
 .data          0x00002a1c        0x0 crt0ram.o
 .data          0x00002a1c        0x0 main.o
 .data          0x00002a1c       0x1c soc-hw.o
                0x00002a1c                uart0
                0x00002a30                i2c0
                0x00002a20                timer0
                0x00002a24                gpio0
                0x00002a2c                everloop0
                0x00002a34                pwm0
                0x00002a28                spi0
 .data          0x00002a38        0x0 softfloat.o
 *(.data1)
                0x00002a40                _gp = ALIGN (0x10)
 *(.sdata .sdata.* .gnu.linkonce.s.*)
                0x00002a38                _edata = .

.bss            0x00002a38       0x94
                0x00002a38                . = ALIGN (0x4)
                0x00002a38                _fbss = .
 *(.dynsbss)
 *(.sbss .sbss.* .gnu.linkonce.sb.*)
 *(.scommon)
 *(.dynbss)
 *(.bss .bss.* .gnu.linkonce.b.*)
 .bss           0x00002a38        0x0 crt0ram.o
 .bss           0x00002a38        0x0 main.o
 .bss           0x00002a38        0x1 soc-hw.o
 *fill*         0x00002a39        0x3 00
 .bss           0x00002a3c        0xc softfloat.o
                0x00002a44                float_detect_tininess
                0x00002a40                float_exception_flags
                0x00002a3c                float_rounding_mode
 *(COMMON)
 COMMON         0x00002a48       0x84 soc-hw.o
                0x00002a48                isr_table
                0x00002ac8                tic_msec
                0x00002acc                _ebss = .
                0x00002acc                _end = .
                0x00003ffc                PROVIDE (_fstack, 0x3ffc)
LOAD crt0ram.o
LOAD main.o
LOAD soc-hw.o
LOAD softfloat.o
OUTPUT(image elf32-lm32)

.debug_abbrev   0x00000000      0x635
 .debug_abbrev  0x00000000       0xb6 main.o
 .debug_abbrev  0x000000b6      0x270 soc-hw.o
 .debug_abbrev  0x00000326      0x30f softfloat.o

.debug_info     0x00000000     0x2858
 .debug_info    0x00000000      0x125 main.o
 .debug_info    0x00000125      0x8ba soc-hw.o
 .debug_info    0x000009df     0x1e79 softfloat.o

.debug_line     0x00000000     0x2401
 .debug_line    0x00000000      0x16c main.o
 .debug_line    0x0000016c      0x60b soc-hw.o
 .debug_line    0x00000777     0x1c8a softfloat.o

.debug_frame    0x00000000      0x3b0
 .debug_frame   0x00000000       0x20 main.o
 .debug_frame   0x00000020      0x1b0 soc-hw.o
 .debug_frame   0x000001d0      0x1e0 softfloat.o

.debug_pubnames
                0x00000000      0x447
 .debug_pubnames
                0x00000000       0x1b main.o
 .debug_pubnames
                0x0000001b      0x20e soc-hw.o
 .debug_pubnames
                0x00000229      0x21e softfloat.o

.debug_aranges  0x00000000       0x60
 .debug_aranges
                0x00000000       0x20 main.o
 .debug_aranges
                0x00000020       0x20 soc-hw.o
 .debug_aranges
                0x00000040       0x20 softfloat.o

.debug_str      0x00000000      0x946
 .debug_str     0x00000000       0xc7 main.o
                                 0xe8 (size before relaxing)
 .debug_str     0x000000c7      0x266 soc-hw.o
                                0x345 (size before relaxing)
 .debug_str     0x0000032d      0x619 softfloat.o
                                0x6b9 (size before relaxing)

.comment        0x00000000       0x36
 .comment       0x00000000       0x12 main.o
 .comment       0x00000012       0x12 soc-hw.o
 .comment       0x00000024       0x12 softfloat.o

.debug_loc      0x00000000     0x20ac
 .debug_loc     0x00000000      0x1a3 soc-hw.o
 .debug_loc     0x000001a3     0x1f09 softfloat.o

.debug_ranges   0x00000000      0xad8
 .debug_ranges  0x00000000       0xd0 soc-hw.o
 .debug_ranges  0x000000d0      0xa08 softfloat.o
