
Allocating common symbols
Common symbol       size              file

isr_table           0x80              soc-hw.o
tic_msec            0x4               soc-hw.o

Memory Configuration

Name             Origin             Length             Attributes
ram              0x00000000         0x00004000
*default*        0x00000000         0xffffffff

Linker script and memory map

                0x00000000                __DYNAMIC = 0x0
                0x00000000                _RAM_START = 0x0
                0x00004000                _RAM_SIZE = 0x4000
                0x00004000                _RAM_END = (_RAM_START + _RAM_SIZE)

.text           0x00000000     0x25c8
                0x00000000                _ftext = .
 *(.text .stub .text.* .gnu.linkonce.t.*)
 .text          0x00000000      0x208 crt0ram.o
                0x00000200                get_gp
                0x000001f8                get_sp
                0x00000140                irq_enable
                0x00000160                irq_get_mask
                0x00000000                _start
                0x00000168                jump
                0x00000158                irq_set_mask
                0x0000014c                irq_disable
                0x0000016c                halt
 .text          0x00000208       0xe8 main.o
                0x00000208                main
 .text          0x000002f0      0x4b4 soc-hw.o
                0x00000620                I2CreadByte
                0x00000420                tic_isr
                0x00000518                i2c_putdata
                0x000004e0                uart_putstr
                0x000005c0                i2c_sleep
                0x00000394                isr_unregister
                0x00000740                everloop_putdata_3
                0x000003ec                nsleep
                0x00000498                uart_getchar
                0x00000758                pwm_init
                0x00000494                uart_init
                0x0000037c                isr_register
                0x00000710                everloop_putdata_1
                0x00000564                i2c_putdatas
                0x00000728                everloop_putdata_2
                0x00000358                isr_init
                0x000005a8                i2c_init
                0x000002f4                irq_handler
                0x000002f0                isr_null
                0x00000774                pwm_duty
                0x0000044c                tic_init
                0x00000540                i2c_putrwaddr
                0x0000078c                pwm_enable
                0x000005f0                i2c_getdata
                0x000003b4                msleep
                0x000004bc                uart_putchar
 .text          0x000007a4     0x1e00 softfloat.o
                0x00000db0                float32_to_int32_round_to_zero
                0x000024a0                float32_artan
                0x00001658                float32_div
                0x00001368                float32_add
                0x00000920                float32_is_signaling_nan
                0x0000090c                float32_is_nan
                0x00002118                float32_lt
                0x00001ca0                float32_sqrt
                0x000021d0                float32_eq_signaling
                0x00000e98                float32_round_to_int
                0x000008f4                float_raise
                0x00000c70                float32_to_int32
                0x00002270                float32_le_quiet
                0x00002500                float32_pow2
                0x00001980                float32_rem
                0x00000c20                int32_to_float32
                0x000013e0                float32_mul
                0x00001f74                float32_eq
                0x00002378                float32_lt_quiet
                0x00002470                float32_abs
                0x0000251c                float32_filterKom
                0x000013a4                float32_sub
                0x00002058                float32_le
 .text          0x000025a4       0x24 LSM9DS1.o
                0x000025a4                mReadByte
                0x000025c8                _etext = .

.rodata         0x000025c8      0x470
                0x000025c8                . = ALIGN (0x4)
                0x000025c8                _frodata = .
 *(.rodata .rodata.* .gnu.linkonce.r.*)
 .rodata.str1.4
                0x000025c8       0x30 main.o
 .rodata        0x000025f8      0x440 softfloat.o
 *(.rodata1)
                0x00002a38                _erodata = .

.data           0x00002a38       0x1c
                0x00002a38                . = ALIGN (0x4)
                0x00002a38                _fdata = .
 *(.data .data.* .gnu.linkonce.d.*)
 .data          0x00002a38        0x0 crt0ram.o
 .data          0x00002a38        0x0 main.o
 .data          0x00002a38       0x1c soc-hw.o
                0x00002a38                uart0
                0x00002a4c                i2c0
                0x00002a3c                timer0
                0x00002a40                gpio0
                0x00002a48                everloop0
                0x00002a50                pwm0
                0x00002a44                spi0
 .data          0x00002a54        0x0 softfloat.o
 .data          0x00002a54        0x0 LSM9DS1.o
 *(.data1)
                0x00002a60                _gp = ALIGN (0x10)
 *(.sdata .sdata.* .gnu.linkonce.s.*)
                0x00002a54                _edata = .

.bss            0x00002a54       0x94
                0x00002a54                . = ALIGN (0x4)
                0x00002a54                _fbss = .
 *(.dynsbss)
 *(.sbss .sbss.* .gnu.linkonce.sb.*)
 *(.scommon)
 *(.dynbss)
 *(.bss .bss.* .gnu.linkonce.b.*)
 .bss           0x00002a54        0x0 crt0ram.o
 .bss           0x00002a54        0x0 main.o
 .bss           0x00002a54        0x1 soc-hw.o
 *fill*         0x00002a55        0x3 00
 .bss           0x00002a58        0xc softfloat.o
                0x00002a60                float_detect_tininess
                0x00002a5c                float_exception_flags
                0x00002a58                float_rounding_mode
 .bss           0x00002a64        0x0 LSM9DS1.o
 *(COMMON)
 COMMON         0x00002a64       0x84 soc-hw.o
                0x00002a64                isr_table
                0x00002ae4                tic_msec
                0x00002ae8                _ebss = .
                0x00002ae8                _end = .
                0x00003ffc                PROVIDE (_fstack, 0x3ffc)
LOAD crt0ram.o
LOAD main.o
LOAD soc-hw.o
LOAD softfloat.o
LOAD LSM9DS1.o
OUTPUT(image elf32-lm32)

.debug_abbrev   0x00000000      0x69b
 .debug_abbrev  0x00000000       0xbf main.o
 .debug_abbrev  0x000000bf      0x270 soc-hw.o
 .debug_abbrev  0x0000032f      0x30f softfloat.o
 .debug_abbrev  0x0000063e       0x5d LSM9DS1.o

.debug_info     0x00000000     0x28e4
 .debug_info    0x00000000      0x128 main.o
 .debug_info    0x00000128      0x8cf soc-hw.o
 .debug_info    0x000009f7     0x1e79 softfloat.o
 .debug_info    0x00002870       0x74 LSM9DS1.o

.debug_line     0x00000000     0x2460
 .debug_line    0x00000000      0x151 main.o
 .debug_line    0x00000151      0x60b soc-hw.o
 .debug_line    0x0000075c     0x1c8a softfloat.o
 .debug_line    0x000023e6       0x7a LSM9DS1.o

.debug_frame    0x00000000      0x3d0
 .debug_frame   0x00000000       0x20 main.o
 .debug_frame   0x00000020      0x1b0 soc-hw.o
 .debug_frame   0x000001d0      0x1e0 softfloat.o
 .debug_frame   0x000003b0       0x20 LSM9DS1.o

.debug_loc      0x00000000     0x20f6
 .debug_loc     0x00000000       0x2c main.o
 .debug_loc     0x0000002c      0x1a3 soc-hw.o
 .debug_loc     0x000001cf     0x1f09 softfloat.o
 .debug_loc     0x000020d8       0x1e LSM9DS1.o

.debug_pubnames
                0x00000000      0x467
 .debug_pubnames
                0x00000000       0x1b main.o
 .debug_pubnames
                0x0000001b      0x20e soc-hw.o
 .debug_pubnames
                0x00000229      0x21e softfloat.o
 .debug_pubnames
                0x00000447       0x20 LSM9DS1.o

.debug_aranges  0x00000000       0x80
 .debug_aranges
                0x00000000       0x20 main.o
 .debug_aranges
                0x00000020       0x20 soc-hw.o
 .debug_aranges
                0x00000040       0x20 softfloat.o
 .debug_aranges
                0x00000060       0x20 LSM9DS1.o

.debug_str      0x00000000      0x955
 .debug_str     0x00000000       0xbf main.o
                                 0xd8 (size before relaxing)
 .debug_str     0x000000bf      0x25e soc-hw.o
                                0x345 (size before relaxing)
 .debug_str     0x0000031d      0x619 softfloat.o
                                0x6b9 (size before relaxing)
 .debug_str     0x00000936       0x1f LSM9DS1.o
                                 0xac (size before relaxing)

.comment        0x00000000       0x48
 .comment       0x00000000       0x12 main.o
 .comment       0x00000012       0x12 soc-hw.o
 .comment       0x00000024       0x12 softfloat.o
 .comment       0x00000036       0x12 LSM9DS1.o

.debug_ranges   0x00000000      0xad8
 .debug_ranges  0x00000000       0xd0 soc-hw.o
 .debug_ranges  0x000000d0      0xa08 softfloat.o
