
Allocating common symbols
Common symbol       size              file

isr_table           0x80              soc-hw.o
tic_msec            0x4               soc-hw.o

Memory Configuration

Name             Origin             Length             Attributes
ram              0x00000000         0x00004000
*default*        0x00000000         0xffffffff

Linker script and memory map

                0x00000000                __DYNAMIC = 0x0
                0x00000000                _RAM_START = 0x0
                0x00004000                _RAM_SIZE = 0x4000
                0x00004000                _RAM_END = (_RAM_START + _RAM_SIZE)

.text           0x00000000     0x2464
                0x00000000                _ftext = .
 *(.text .stub .text.* .gnu.linkonce.t.*)
 .text          0x00000000      0x208 crt0ram.o
                0x00000200                get_gp
                0x000001f8                get_sp
                0x00000140                irq_enable
                0x00000160                irq_get_mask
                0x00000000                _start
                0x00000168                jump
                0x00000158                irq_set_mask
                0x0000014c                irq_disable
                0x0000016c                halt
 .text          0x00000208       0xc8 main.o
                0x00000208                main
 .text          0x000002d0      0x394 soc-hw.o
                0x00000414                tic_isr
                0x000004d4                uart_putstr
                0x000005b8                i2c_sleep
                0x00000374                isr_unregister
                0x000003d0                nsleep
                0x0000048c                uart_getchar
                0x00000618                pwm_init
                0x00000488                uart_init
                0x0000035c                isr_register
                0x0000055c                i2c_putdatas
                0x00000338                isr_init
                0x000005a0                i2c_init
                0x000002d4                irq_handler
                0x000002d0                isr_null
                0x00000634                pwm_duty
                0x00000440                tic_init
                0x00000534                i2c_putrwaddr
                0x0000050c                i2c_putchar
                0x0000064c                pwm_enable
                0x000005e8                i2c_getdata
                0x00000394                msleep
                0x000004b0                uart_putchar
 .text          0x00000664     0x1e00 softfloat.o
                0x00000c70                float32_to_int32_round_to_zero
                0x00002360                float32_artan
                0x00001518                float32_div
                0x00001228                float32_add
                0x000007e0                float32_is_signaling_nan
                0x000007cc                float32_is_nan
                0x00001fd8                float32_lt
                0x00001b60                float32_sqrt
                0x00002090                float32_eq_signaling
                0x00000d58                float32_round_to_int
                0x000007b4                float_raise
                0x00000b30                float32_to_int32
                0x00002130                float32_le_quiet
                0x000023c0                float32_pow2
                0x00001840                float32_rem
                0x00000ae0                int32_to_float32
                0x000012a0                float32_mul
                0x00001e34                float32_eq
                0x00002238                float32_lt_quiet
                0x00002330                float32_abs
                0x000023dc                float32_filterKom
                0x00001264                float32_sub
                0x00001f18                float32_le
                0x00002464                _etext = .

.rodata         0x00002464      0x440
                0x00002464                . = ALIGN (0x4)
                0x00002464                _frodata = .
 *(.rodata .rodata.* .gnu.linkonce.r.*)
 .rodata        0x00002464      0x440 softfloat.o
 *(.rodata1)
                0x000028a4                _erodata = .

.data           0x000028a4       0x18
                0x000028a4                . = ALIGN (0x4)
                0x000028a4                _fdata = .
 *(.data .data.* .gnu.linkonce.d.*)
 .data          0x000028a4        0x0 crt0ram.o
 .data          0x000028a4        0x0 main.o
 .data          0x000028a4       0x18 soc-hw.o
                0x000028a4                uart0
                0x000028b4                i2c0
                0x000028a8                timer0
                0x000028ac                gpio0
                0x000028b8                pwm0
                0x000028b0                spi0
 .data          0x000028bc        0x0 softfloat.o
 *(.data1)
                0x000028c0                _gp = ALIGN (0x10)
 *(.sdata .sdata.* .gnu.linkonce.s.*)
                0x000028bc                _edata = .

.bss            0x000028bc       0x94
                0x000028bc                . = ALIGN (0x4)
                0x000028bc                _fbss = .
 *(.dynsbss)
 *(.sbss .sbss.* .gnu.linkonce.sb.*)
 *(.scommon)
 *(.dynbss)
 *(.bss .bss.* .gnu.linkonce.b.*)
 .bss           0x000028bc        0x0 crt0ram.o
 .bss           0x000028bc        0x0 main.o
 .bss           0x000028bc        0x1 soc-hw.o
 *fill*         0x000028bd        0x3 00
 .bss           0x000028c0        0xc softfloat.o
                0x000028c8                float_detect_tininess
                0x000028c4                float_exception_flags
                0x000028c0                float_rounding_mode
 *(COMMON)
 COMMON         0x000028cc       0x84 soc-hw.o
                0x000028cc                isr_table
                0x0000294c                tic_msec
                0x00002950                _ebss = .
                0x00002950                _end = .
                0x00003ffc                PROVIDE (_fstack, 0x3ffc)
LOAD crt0ram.o
LOAD main.o
LOAD soc-hw.o
LOAD softfloat.o
OUTPUT(image elf32-lm32)

.debug_abbrev   0x00000000      0x59e
 .debug_abbrev  0x00000000       0xb6 main.o
 .debug_abbrev  0x000000b6      0x1d9 soc-hw.o
 .debug_abbrev  0x0000028f      0x30f softfloat.o

.debug_info     0x00000000     0x2629
 .debug_info    0x00000000      0x123 main.o
 .debug_info    0x00000123      0x68d soc-hw.o
 .debug_info    0x000007b0     0x1e79 softfloat.o

.debug_line     0x00000000     0x21d3
 .debug_line    0x00000000      0x116 main.o
 .debug_line    0x00000116      0x433 soc-hw.o
 .debug_line    0x00000549     0x1c8a softfloat.o

.debug_frame    0x00000000      0x370
 .debug_frame   0x00000000       0x20 main.o
 .debug_frame   0x00000020      0x170 soc-hw.o
 .debug_frame   0x00000190      0x1e0 softfloat.o

.debug_pubnames
                0x00000000      0x3e4
 .debug_pubnames
                0x00000000       0x1b main.o
 .debug_pubnames
                0x0000001b      0x1ab soc-hw.o
 .debug_pubnames
                0x000001c6      0x21e softfloat.o

.debug_aranges  0x00000000       0x60
 .debug_aranges
                0x00000000       0x20 main.o
 .debug_aranges
                0x00000020       0x20 soc-hw.o
 .debug_aranges
                0x00000040       0x20 softfloat.o

.debug_str      0x00000000      0x8a2
 .debug_str     0x00000000       0xc7 main.o
                                 0xe8 (size before relaxing)
 .debug_str     0x000000c7      0x1c2 soc-hw.o
                                0x299 (size before relaxing)
 .debug_str     0x00000289      0x619 softfloat.o
                                0x6b9 (size before relaxing)

.comment        0x00000000       0x36
 .comment       0x00000000       0x12 main.o
 .comment       0x00000012       0x12 soc-hw.o
 .comment       0x00000024       0x12 softfloat.o

.debug_loc      0x00000000     0x2042
 .debug_loc     0x00000000      0x139 soc-hw.o
 .debug_loc     0x00000139     0x1f09 softfloat.o

.debug_ranges   0x00000000      0xa40
 .debug_ranges  0x00000000       0x38 soc-hw.o
 .debug_ranges  0x00000038      0xa08 softfloat.o
