
Allocating common symbols
Common symbol       size              file

isr_table           0x80              soc-hw.o
tic_msec            0x4               soc-hw.o

Memory Configuration

Name             Origin             Length             Attributes
ram              0x00000000         0x00004000
*default*        0x00000000         0xffffffff

Linker script and memory map

                0x00000000                __DYNAMIC = 0x0
                0x00000000                _RAM_START = 0x0
                0x00004000                _RAM_SIZE = 0x4000
                0x00004000                _RAM_END = (_RAM_START + _RAM_SIZE)

.text           0x00000000     0x23c4
                0x00000000                _ftext = .
 *(.text .stub .text.* .gnu.linkonce.t.*)
 .text          0x00000000      0x208 crt0ram.o
                0x00000200                get_gp
                0x000001f8                get_sp
                0x00000140                irq_enable
                0x00000160                irq_get_mask
                0x00000000                _start
                0x00000168                jump
                0x00000158                irq_set_mask
                0x0000014c                irq_disable
                0x0000016c                halt
 .text          0x00000208       0xec main.o
                0x00000208                main
 .text          0x000002f4      0x2d0 soc-hw.o
                0x00000438                tic_isr
                0x000004f8                uart_putstr
                0x00000554                i2c_test_ucr
                0x00000398                isr_unregister
                0x00000530                i2c_test_wxrx
                0x000003f4                nsleep
                0x000004b0                uart_getchar
                0x00000578                pwm_init
                0x000004ac                uart_init
                0x00000380                isr_register
                0x0000035c                isr_init
                0x000002f8                irq_handler
                0x000002f4                isr_null
                0x00000594                pwm_duty
                0x00000464                tic_init
                0x000005ac                pwm_enable
                0x000003b8                msleep
                0x000004d4                uart_putchar
 .text          0x000005c4     0x1e00 softfloat.o
                0x00000bd0                float32_to_int32_round_to_zero
                0x000022c0                float32_artan
                0x00001478                float32_div
                0x00001188                float32_add
                0x00000740                float32_is_signaling_nan
                0x0000072c                float32_is_nan
                0x00001f38                float32_lt
                0x00001ac0                float32_sqrt
                0x00001ff0                float32_eq_signaling
                0x00000cb8                float32_round_to_int
                0x00000714                float_raise
                0x00000a90                float32_to_int32
                0x00002090                float32_le_quiet
                0x00002320                float32_pow2
                0x000017a0                float32_rem
                0x00000a40                int32_to_float32
                0x00001200                float32_mul
                0x00001d94                float32_eq
                0x00002198                float32_lt_quiet
                0x00002290                float32_abs
                0x0000233c                float32_filterKom
                0x000011c4                float32_sub
                0x00001e78                float32_le
                0x000023c4                _etext = .

.rodata         0x000023c4      0x440
                0x000023c4                . = ALIGN (0x4)
                0x000023c4                _frodata = .
 *(.rodata .rodata.* .gnu.linkonce.r.*)
 .rodata        0x000023c4      0x440 softfloat.o
 *(.rodata1)
                0x00002804                _erodata = .

.data           0x00002804       0x18
                0x00002804                . = ALIGN (0x4)
                0x00002804                _fdata = .
 *(.data .data.* .gnu.linkonce.d.*)
 .data          0x00002804        0x0 crt0ram.o
 .data          0x00002804        0x0 main.o
 .data          0x00002804       0x18 soc-hw.o
                0x00002804                uart0
                0x00002814                i2c0
                0x00002808                timer0
                0x0000280c                gpio0
                0x00002818                pwm0
                0x00002810                spi0
 .data          0x0000281c        0x0 softfloat.o
 *(.data1)
                0x00002820                _gp = ALIGN (0x10)
 *(.sdata .sdata.* .gnu.linkonce.s.*)
                0x0000281c                _edata = .

.bss            0x0000281c       0x94
                0x0000281c                . = ALIGN (0x4)
                0x0000281c                _fbss = .
 *(.dynsbss)
 *(.sbss .sbss.* .gnu.linkonce.sb.*)
 *(.scommon)
 *(.dynbss)
 *(.bss .bss.* .gnu.linkonce.b.*)
 .bss           0x0000281c        0x0 crt0ram.o
 .bss           0x0000281c        0x0 main.o
 .bss           0x0000281c        0x1 soc-hw.o
 *fill*         0x0000281d        0x3 00
 .bss           0x00002820        0xc softfloat.o
                0x00002828                float_detect_tininess
                0x00002824                float_exception_flags
                0x00002820                float_rounding_mode
 *(COMMON)
 COMMON         0x0000282c       0x84 soc-hw.o
                0x0000282c                isr_table
                0x000028ac                tic_msec
                0x000028b0                _ebss = .
                0x000028b0                _end = .
                0x00003ffc                PROVIDE (_fstack, 0x3ffc)
LOAD crt0ram.o
LOAD main.o
LOAD soc-hw.o
LOAD softfloat.o
OUTPUT(image elf32-lm32)

.debug_abbrev   0x00000000      0x5ad
 .debug_abbrev  0x00000000       0xb6 main.o
 .debug_abbrev  0x000000b6      0x1e8 soc-hw.o
 .debug_abbrev  0x0000029e      0x30f softfloat.o

.debug_info     0x00000000     0x2588
 .debug_info    0x00000000      0x123 main.o
 .debug_info    0x00000123      0x5ec soc-hw.o
 .debug_info    0x0000070f     0x1e79 softfloat.o

.debug_line     0x00000000     0x2159
 .debug_line    0x00000000      0x140 main.o
 .debug_line    0x00000140      0x38f soc-hw.o
 .debug_line    0x000004cf     0x1c8a softfloat.o

.debug_frame    0x00000000      0x330
 .debug_frame   0x00000000       0x20 main.o
 .debug_frame   0x00000020      0x130 soc-hw.o
 .debug_frame   0x00000150      0x1e0 softfloat.o

.debug_pubnames
                0x00000000      0x3a9
 .debug_pubnames
                0x00000000       0x1b main.o
 .debug_pubnames
                0x0000001b      0x170 soc-hw.o
 .debug_pubnames
                0x0000018b      0x21e softfloat.o

.debug_aranges  0x00000000       0x60
 .debug_aranges
                0x00000000       0x20 main.o
 .debug_aranges
                0x00000020       0x20 soc-hw.o
 .debug_aranges
                0x00000040       0x20 softfloat.o

.debug_str      0x00000000      0x878
 .debug_str     0x00000000       0xc7 main.o
                                 0xe8 (size before relaxing)
 .debug_str     0x000000c7      0x198 soc-hw.o
                                0x268 (size before relaxing)
 .debug_str     0x0000025f      0x619 softfloat.o
                                0x6b9 (size before relaxing)

.comment        0x00000000       0x36
 .comment       0x00000000       0x12 main.o
 .comment       0x00000012       0x12 soc-hw.o
 .comment       0x00000024       0x12 softfloat.o

.debug_loc      0x00000000     0x1fe0
 .debug_loc     0x00000000       0xd7 soc-hw.o
 .debug_loc     0x000000d7     0x1f09 softfloat.o

.debug_ranges   0x00000000      0xa28
 .debug_ranges  0x00000000       0x20 soc-hw.o
 .debug_ranges  0x00000020      0xa08 softfloat.o
