
Allocating common symbols
Common symbol       size              file

isr_table           0x80              soc-hw.o
tic_msec            0x4               soc-hw.o

Memory Configuration

Name             Origin             Length             Attributes
ram              0x00000000         0x00004000
*default*        0x00000000         0xffffffff

Linker script and memory map

                0x00000000                __DYNAMIC = 0x0
                0x00000000                _RAM_START = 0x0
                0x00004000                _RAM_SIZE = 0x4000
                0x00004000                _RAM_END = (_RAM_START + _RAM_SIZE)

.text           0x00000000     0x2790
                0x00000000                _ftext = .
 *(.text .stub .text.* .gnu.linkonce.t.*)
 .text          0x00000000      0x208 crt0ram.o
                0x00000200                get_gp
                0x000001f8                get_sp
                0x00000140                irq_enable
                0x00000160                irq_get_mask
                0x00000000                _start
                0x00000168                jump
                0x00000158                irq_set_mask
                0x0000014c                irq_disable
                0x0000016c                halt
 .text          0x00000208      0x160 main.o
                0x00000208                main
 .text          0x00000368      0x5e0 soc-hw.o
                0x00000698                I2CreadByte
                0x00000498                tic_isr
                0x00000590                i2c_putdata
                0x00000558                uart_putstr
                0x00000638                i2c_sleep
                0x0000040c                isr_unregister
                0x000008e4                everloop_putdata_3
                0x00000464                nsleep
                0x00000510                uart_getchar
                0x000008fc                pwm_init
                0x0000050c                uart_init
                0x000003f4                isr_register
                0x000008b4                everloop_putdata_1
                0x00000788                I2CreadBytes
                0x000005dc                i2c_putdatas
                0x000008cc                everloop_putdata_2
                0x000003d0                isr_init
                0x00000620                i2c_init
                0x0000036c                irq_handler
                0x00000368                isr_null
                0x00000918                pwm_duty
                0x000004c4                tic_init
                0x000005b8                i2c_putrwaddr
                0x00000930                pwm_enable
                0x00000668                i2c_getdata
                0x0000042c                msleep
                0x00000534                uart_putchar
 .text          0x00000948     0x1e00 softfloat.o
                0x00000f54                float32_to_int32_round_to_zero
                0x00002644                float32_artan
                0x000017fc                float32_div
                0x0000150c                float32_add
                0x00000ac4                float32_is_signaling_nan
                0x00000ab0                float32_is_nan
                0x000022bc                float32_lt
                0x00001e44                float32_sqrt
                0x00002374                float32_eq_signaling
                0x0000103c                float32_round_to_int
                0x00000a98                float_raise
                0x00000e14                float32_to_int32
                0x00002414                float32_le_quiet
                0x000026a4                float32_pow2
                0x00001b24                float32_rem
                0x00000dc4                int32_to_float32
                0x00001584                float32_mul
                0x00002118                float32_eq
                0x0000251c                float32_lt_quiet
                0x00002614                float32_abs
                0x000026c0                float32_filterKom
                0x00001548                float32_sub
                0x000021fc                float32_le
 .text          0x00002748       0x48 LSM9DS1.o
                0x0000276c                mReadByte
                0x00002748                agReadByte
                0x00002790                _etext = .

.rodata         0x00002790      0x450
                0x00002790                . = ALIGN (0x4)
                0x00002790                _frodata = .
 *(.rodata .rodata.* .gnu.linkonce.r.*)
 .rodata.str1.4
                0x00002790       0x10 main.o
 .rodata        0x000027a0      0x440 softfloat.o
 *(.rodata1)
                0x00002be0                _erodata = .

.data           0x00002be0       0x1c
                0x00002be0                . = ALIGN (0x4)
                0x00002be0                _fdata = .
 *(.data .data.* .gnu.linkonce.d.*)
 .data          0x00002be0        0x0 crt0ram.o
 .data          0x00002be0        0x0 main.o
 .data          0x00002be0       0x1c soc-hw.o
                0x00002be0                uart0
                0x00002bf4                i2c0
                0x00002be4                timer0
                0x00002be8                gpio0
                0x00002bf0                everloop0
                0x00002bf8                pwm0
                0x00002bec                spi0
 .data          0x00002bfc        0x0 softfloat.o
 .data          0x00002bfc        0x0 LSM9DS1.o
 *(.data1)
                0x00002c00                _gp = ALIGN (0x10)
 *(.sdata .sdata.* .gnu.linkonce.s.*)
                0x00002bfc                _edata = .

.bss            0x00002bfc       0xac
                0x00002bfc                . = ALIGN (0x4)
                0x00002bfc                _fbss = .
 *(.dynsbss)
 *(.sbss .sbss.* .gnu.linkonce.sb.*)
 *(.scommon)
 *(.dynbss)
 *(.bss .bss.* .gnu.linkonce.b.*)
 .bss           0x00002bfc        0x0 crt0ram.o
 .bss           0x00002bfc       0x18 main.o
 .bss           0x00002c14        0x1 soc-hw.o
 *fill*         0x00002c15        0x3 00
 .bss           0x00002c18        0xc softfloat.o
                0x00002c20                float_detect_tininess
                0x00002c1c                float_exception_flags
                0x00002c18                float_rounding_mode
 .bss           0x00002c24        0x0 LSM9DS1.o
 *(COMMON)
 COMMON         0x00002c24       0x84 soc-hw.o
                0x00002c24                isr_table
                0x00002ca4                tic_msec
                0x00002ca8                _ebss = .
                0x00002ca8                _end = .
                0x00003ffc                PROVIDE (_fstack, 0x3ffc)
LOAD crt0ram.o
LOAD main.o
LOAD soc-hw.o
LOAD softfloat.o
LOAD LSM9DS1.o
OUTPUT(image elf32-lm32)

.debug_abbrev   0x00000000      0x6e8
 .debug_abbrev  0x00000000       0xcd main.o
 .debug_abbrev  0x000000cd      0x296 soc-hw.o
 .debug_abbrev  0x00000363      0x30f softfloat.o
 .debug_abbrev  0x00000672       0x76 LSM9DS1.o

.debug_info     0x00000000     0x2a4d
 .debug_info    0x00000000      0x121 main.o
 .debug_info    0x00000121      0xa14 soc-hw.o
 .debug_info    0x00000b35     0x1e79 softfloat.o
 .debug_info    0x000029ae       0x9f LSM9DS1.o

.debug_line     0x00000000     0x26af
 .debug_line    0x00000000      0x1e7 main.o
 .debug_line    0x000001e7      0x7a4 soc-hw.o
 .debug_line    0x0000098b     0x1c8a softfloat.o
 .debug_line    0x00002615       0x9a LSM9DS1.o

.debug_frame    0x00000000      0x3f0
 .debug_frame   0x00000000       0x20 main.o
 .debug_frame   0x00000020      0x1c0 soc-hw.o
 .debug_frame   0x000001e0      0x1e0 softfloat.o
 .debug_frame   0x000003c0       0x30 LSM9DS1.o

.debug_pubnames
                0x00000000      0x487
 .debug_pubnames
                0x00000000       0x1b main.o
 .debug_pubnames
                0x0000001b      0x21f soc-hw.o
 .debug_pubnames
                0x0000023a      0x21e softfloat.o
 .debug_pubnames
                0x00000458       0x2f LSM9DS1.o

.debug_aranges  0x00000000       0x80
 .debug_aranges
                0x00000000       0x20 main.o
 .debug_aranges
                0x00000020       0x20 soc-hw.o
 .debug_aranges
                0x00000040       0x20 softfloat.o
 .debug_aranges
                0x00000060       0x20 LSM9DS1.o

.debug_str      0x00000000      0x963
 .debug_str     0x00000000       0xad main.o
                                 0xc6 (size before relaxing)
 .debug_str     0x000000ad      0x27e soc-hw.o
                                0x35d (size before relaxing)
 .debug_str     0x0000032b      0x60e softfloat.o
                                0x6b9 (size before relaxing)
 .debug_str     0x00000939       0x2a LSM9DS1.o
                                 0xb7 (size before relaxing)

.comment        0x00000000       0x48
 .comment       0x00000000       0x12 main.o
 .comment       0x00000012       0x12 soc-hw.o
 .comment       0x00000024       0x12 softfloat.o
 .comment       0x00000036       0x12 LSM9DS1.o

.debug_loc      0x00000000     0x217b
 .debug_loc     0x00000000      0x236 soc-hw.o
 .debug_loc     0x00000236     0x1f09 softfloat.o
 .debug_loc     0x0000213f       0x3c LSM9DS1.o

.debug_ranges   0x00000000      0xbb0
 .debug_ranges  0x00000000      0x1a8 soc-hw.o
 .debug_ranges  0x000001a8      0xa08 softfloat.o
