
Allocating common symbols
Common symbol       size              file

isr_table           0x80              soc-hw.o
tic_msec            0x4               soc-hw.o

Memory Configuration

Name             Origin             Length             Attributes
ram              0x00000000         0x00004000
*default*        0x00000000         0xffffffff

Linker script and memory map

                0x00000000                __DYNAMIC = 0x0
                0x00000000                _RAM_START = 0x0
                0x00004000                _RAM_SIZE = 0x4000
                0x00004000                _RAM_END = (_RAM_START + _RAM_SIZE)

.text           0x00000000     0x2398
                0x00000000                _ftext = .
 *(.text .stub .text.* .gnu.linkonce.t.*)
 .text          0x00000000      0x208 crt0ram.o
                0x00000200                get_gp
                0x000001f8                get_sp
                0x00000140                irq_enable
                0x00000160                irq_get_mask
                0x00000000                _start
                0x00000168                jump
                0x00000158                irq_set_mask
                0x0000014c                irq_disable
                0x0000016c                halt
 .text          0x00000208       0xc0 main.o
                0x00000208                main
 .text          0x000002c8      0x2d0 soc-hw.o
                0x0000040c                tic_isr
                0x000004cc                uart_putstr
                0x00000528                i2c_test_ucr
                0x0000036c                isr_unregister
                0x00000504                i2c_test_wxrx
                0x000003c8                nsleep
                0x00000484                uart_getchar
                0x0000054c                pwm_init
                0x00000480                uart_init
                0x00000354                isr_register
                0x00000330                isr_init
                0x000002cc                irq_handler
                0x000002c8                isr_null
                0x00000568                pwm_duty
                0x00000438                tic_init
                0x00000580                pwm_enable
                0x0000038c                msleep
                0x000004a8                uart_putchar
 .text          0x00000598     0x1e00 softfloat.o
                0x00000ba4                float32_to_int32_round_to_zero
                0x00002294                float32_artan
                0x0000144c                float32_div
                0x0000115c                float32_add
                0x00000714                float32_is_signaling_nan
                0x00000700                float32_is_nan
                0x00001f0c                float32_lt
                0x00001a94                float32_sqrt
                0x00001fc4                float32_eq_signaling
                0x00000c8c                float32_round_to_int
                0x000006e8                float_raise
                0x00000a64                float32_to_int32
                0x00002064                float32_le_quiet
                0x000022f4                float32_pow2
                0x00001774                float32_rem
                0x00000a14                int32_to_float32
                0x000011d4                float32_mul
                0x00001d68                float32_eq
                0x0000216c                float32_lt_quiet
                0x00002264                float32_abs
                0x00002310                float32_filterKom
                0x00001198                float32_sub
                0x00001e4c                float32_le
                0x00002398                _etext = .

.rodata         0x00002398      0x440
                0x00002398                . = ALIGN (0x4)
                0x00002398                _frodata = .
 *(.rodata .rodata.* .gnu.linkonce.r.*)
 .rodata        0x00002398      0x440 softfloat.o
 *(.rodata1)
                0x000027d8                _erodata = .

.data           0x000027d8       0x18
                0x000027d8                . = ALIGN (0x4)
                0x000027d8                _fdata = .
 *(.data .data.* .gnu.linkonce.d.*)
 .data          0x000027d8        0x0 crt0ram.o
 .data          0x000027d8        0x0 main.o
 .data          0x000027d8       0x18 soc-hw.o
                0x000027d8                uart0
                0x000027e8                i2c0
                0x000027dc                timer0
                0x000027e0                gpio0
                0x000027ec                pwm0
                0x000027e4                spi0
 .data          0x000027f0        0x0 softfloat.o
 *(.data1)
                0x000027f0                _gp = ALIGN (0x10)
 *(.sdata .sdata.* .gnu.linkonce.s.*)
                0x000027f0                _edata = .

.bss            0x000027f0       0x94
                0x000027f0                . = ALIGN (0x4)
                0x000027f0                _fbss = .
 *(.dynsbss)
 *(.sbss .sbss.* .gnu.linkonce.sb.*)
 *(.scommon)
 *(.dynbss)
 *(.bss .bss.* .gnu.linkonce.b.*)
 .bss           0x000027f0        0x0 crt0ram.o
 .bss           0x000027f0        0x0 main.o
 .bss           0x000027f0        0x1 soc-hw.o
 *fill*         0x000027f1        0x3 00
 .bss           0x000027f4        0xc softfloat.o
                0x000027fc                float_detect_tininess
                0x000027f8                float_exception_flags
                0x000027f4                float_rounding_mode
 *(COMMON)
 COMMON         0x00002800       0x84 soc-hw.o
                0x00002800                isr_table
                0x00002880                tic_msec
                0x00002884                _ebss = .
                0x00002884                _end = .
                0x00003ffc                PROVIDE (_fstack, 0x3ffc)
LOAD crt0ram.o
LOAD main.o
LOAD soc-hw.o
LOAD softfloat.o
OUTPUT(image elf32-lm32)

.debug_abbrev   0x00000000      0x559
 .debug_abbrev  0x00000000       0x62 main.o
 .debug_abbrev  0x00000062      0x1e8 soc-hw.o
 .debug_abbrev  0x0000024a      0x30f softfloat.o

.debug_info     0x00000000     0x24de
 .debug_info    0x00000000       0x79 main.o
 .debug_info    0x00000079      0x5ec soc-hw.o
 .debug_info    0x00000665     0x1e79 softfloat.o

.debug_line     0x00000000     0x2115
 .debug_line    0x00000000       0xfc main.o
 .debug_line    0x000000fc      0x38f soc-hw.o
 .debug_line    0x0000048b     0x1c8a softfloat.o

.debug_frame    0x00000000      0x330
 .debug_frame   0x00000000       0x20 main.o
 .debug_frame   0x00000020      0x130 soc-hw.o
 .debug_frame   0x00000150      0x1e0 softfloat.o

.debug_pubnames
                0x00000000      0x3a9
 .debug_pubnames
                0x00000000       0x1b main.o
 .debug_pubnames
                0x0000001b      0x170 soc-hw.o
 .debug_pubnames
                0x0000018b      0x21e softfloat.o

.debug_aranges  0x00000000       0x60
 .debug_aranges
                0x00000000       0x20 main.o
 .debug_aranges
                0x00000020       0x20 soc-hw.o
 .debug_aranges
                0x00000040       0x20 softfloat.o

.debug_str      0x00000000      0x860
 .debug_str     0x00000000       0x7f main.o
                                 0xa0 (size before relaxing)
 .debug_str     0x0000007f      0x1c8 soc-hw.o
                                0x268 (size before relaxing)
 .debug_str     0x00000247      0x619 softfloat.o
                                0x6b9 (size before relaxing)

.comment        0x00000000       0x36
 .comment       0x00000000       0x12 main.o
 .comment       0x00000012       0x12 soc-hw.o
 .comment       0x00000024       0x12 softfloat.o

.debug_loc      0x00000000     0x1fe0
 .debug_loc     0x00000000       0xd7 soc-hw.o
 .debug_loc     0x000000d7     0x1f09 softfloat.o

.debug_ranges   0x00000000      0xa28
 .debug_ranges  0x00000000       0x20 soc-hw.o
 .debug_ranges  0x00000020      0xa08 softfloat.o
