
Allocating common symbols
Common symbol       size              file

isr_table           0x80              soc-hw.o
tic_msec            0x4               soc-hw.o

Memory Configuration

Name             Origin             Length             Attributes
ram              0x00000000         0x00004000
*default*        0x00000000         0xffffffff

Linker script and memory map

                0x00000000                __DYNAMIC = 0x0
                0x00000000                _RAM_START = 0x0
                0x00004000                _RAM_SIZE = 0x4000
                0x00004000                _RAM_END = (_RAM_START + _RAM_SIZE)

.text           0x00000000      0x5f0
                0x00000000                _ftext = .
 *(.text .stub .text.* .gnu.linkonce.t.*)
 .text          0x00000000      0x208 crt0ram.o
                0x00000200                get_gp
                0x000001f8                get_sp
                0x00000140                irq_enable
                0x00000160                irq_get_mask
                0x00000000                _start
                0x00000168                jump
                0x00000158                irq_set_mask
                0x0000014c                irq_disable
                0x0000016c                halt
 .text          0x00000208       0x5c main.o
                0x00000208                main
 .text          0x00000264      0x38c soc-hw.o
                0x000003a8                tic_isr
                0x00000468                uart_putstr
                0x00000544                i2c_sleep
                0x00000308                isr_unregister
                0x00000364                nsleep
                0x00000420                uart_getchar
                0x000005a4                pwm_init
                0x0000041c                uart_init
                0x000002f0                isr_register
                0x000004ec                i2c_putdatas
                0x000002cc                isr_init
                0x0000052c                i2c_init
                0x00000268                irq_handler
                0x00000264                isr_null
                0x000005c0                pwm_duty
                0x000003d4                tic_init
                0x000004c4                i2c_putrwaddr
                0x000004a0                i2c_putchar
                0x000005d8                pwm_enable
                0x00000574                i2c_getdata
                0x00000328                msleep
                0x00000444                uart_putchar
                0x000005f0                _etext = .

.rodata         0x000005f0        0x0
                0x000005f0                . = ALIGN (0x4)
                0x000005f0                _frodata = .
 *(.rodata .rodata.* .gnu.linkonce.r.*)
 *(.rodata1)
                0x000005f0                _erodata = .

.data           0x000005f0       0x18
                0x000005f0                . = ALIGN (0x4)
                0x000005f0                _fdata = .
 *(.data .data.* .gnu.linkonce.d.*)
 .data          0x000005f0        0x0 crt0ram.o
 .data          0x000005f0        0x0 main.o
 .data          0x000005f0       0x18 soc-hw.o
                0x000005f0                uart0
                0x00000600                i2c0
                0x000005f4                timer0
                0x000005f8                gpio0
                0x00000604                pwm0
                0x000005fc                spi0
 *(.data1)
                0x00000610                _gp = ALIGN (0x10)
 *(.sdata .sdata.* .gnu.linkonce.s.*)
                0x00000608                _edata = .

.bss            0x00000608       0x88
                0x00000608                . = ALIGN (0x4)
                0x00000608                _fbss = .
 *(.dynsbss)
 *(.sbss .sbss.* .gnu.linkonce.sb.*)
 *(.scommon)
 *(.dynbss)
 *(.bss .bss.* .gnu.linkonce.b.*)
 .bss           0x00000608        0x0 crt0ram.o
 .bss           0x00000608        0x0 main.o
 .bss           0x00000608        0x1 soc-hw.o
 *(COMMON)
 *fill*         0x00000609        0x3 00
 COMMON         0x0000060c       0x84 soc-hw.o
                0x0000060c                isr_table
                0x0000068c                tic_msec
                0x00000690                _ebss = .
                0x00000690                _end = .
                0x00003ffc                PROVIDE (_fstack, 0x3ffc)
LOAD crt0ram.o
LOAD main.o
LOAD soc-hw.o
OUTPUT(image elf32-lm32)

.debug_abbrev   0x00000000      0x218
 .debug_abbrev  0x00000000       0x3f main.o
 .debug_abbrev  0x0000003f      0x1d9 soc-hw.o

.debug_info     0x00000000      0x6e5
 .debug_info    0x00000000       0x58 main.o
 .debug_info    0x00000058      0x68d soc-hw.o

.debug_line     0x00000000      0x4be
 .debug_line    0x00000000       0xa3 main.o
 .debug_line    0x000000a3      0x41b soc-hw.o

.debug_frame    0x00000000      0x190
 .debug_frame   0x00000000       0x20 main.o
 .debug_frame   0x00000020      0x170 soc-hw.o

.debug_pubnames
                0x00000000      0x1c6
 .debug_pubnames
                0x00000000       0x1b main.o
 .debug_pubnames
                0x0000001b      0x1ab soc-hw.o

.debug_aranges  0x00000000       0x40
 .debug_aranges
                0x00000000       0x20 main.o
 .debug_aranges
                0x00000020       0x20 soc-hw.o

.debug_str      0x00000000      0x277
 .debug_str     0x00000000       0x85 main.o
                                 0x91 (size before relaxing)
 .debug_str     0x00000085      0x1f2 soc-hw.o
                                0x299 (size before relaxing)

.comment        0x00000000       0x24
 .comment       0x00000000       0x12 main.o
 .comment       0x00000012       0x12 soc-hw.o

.debug_loc      0x00000000      0x139
 .debug_loc     0x00000000      0x139 soc-hw.o

.debug_ranges   0x00000000       0x38
 .debug_ranges  0x00000000       0x38 soc-hw.o
