
Allocating common symbols
Common symbol       size              file

isr_table           0x80              soc-hw.o
tic_msec            0x4               soc-hw.o

Memory Configuration

Name             Origin             Length             Attributes
ram              0x00000000         0x00004000
*default*        0x00000000         0xffffffff

Linker script and memory map

                0x00000000                __DYNAMIC = 0x0
                0x00000000                _RAM_START = 0x0
                0x00004000                _RAM_SIZE = 0x4000
                0x00004000                _RAM_END = (_RAM_START + _RAM_SIZE)

.text           0x00000000     0x259c
                0x00000000                _ftext = .
 *(.text .stub .text.* .gnu.linkonce.t.*)
 .text          0x00000000      0x208 crt0ram.o
                0x00000200                get_gp
                0x000001f8                get_sp
                0x00000140                irq_enable
                0x00000160                irq_get_mask
                0x00000000                _start
                0x00000168                jump
                0x00000158                irq_set_mask
                0x0000014c                irq_disable
                0x0000016c                halt
 .text          0x00000208       0x98 main.o
                0x00000208                main
 .text          0x000002a0      0x4b4 soc-hw.o
                0x000005d0                I2CreadByte
                0x000003d0                tic_isr
                0x000004c8                i2c_putdata
                0x00000490                uart_putstr
                0x00000570                i2c_sleep
                0x00000344                isr_unregister
                0x000006f0                everloop_putdata_3
                0x0000039c                nsleep
                0x00000448                uart_getchar
                0x00000708                pwm_init
                0x00000444                uart_init
                0x0000032c                isr_register
                0x000006c0                everloop_putdata_1
                0x00000514                i2c_putdatas
                0x000006d8                everloop_putdata_2
                0x00000308                isr_init
                0x00000558                i2c_init
                0x000002a4                irq_handler
                0x000002a0                isr_null
                0x00000724                pwm_duty
                0x000003fc                tic_init
                0x000004f0                i2c_putrwaddr
                0x0000073c                pwm_enable
                0x000005a0                i2c_getdata
                0x00000364                msleep
                0x0000046c                uart_putchar
 .text          0x00000754     0x1e00 softfloat.o
                0x00000d60                float32_to_int32_round_to_zero
                0x00002450                float32_artan
                0x00001608                float32_div
                0x00001318                float32_add
                0x000008d0                float32_is_signaling_nan
                0x000008bc                float32_is_nan
                0x000020c8                float32_lt
                0x00001c50                float32_sqrt
                0x00002180                float32_eq_signaling
                0x00000e48                float32_round_to_int
                0x000008a4                float_raise
                0x00000c20                float32_to_int32
                0x00002220                float32_le_quiet
                0x000024b0                float32_pow2
                0x00001930                float32_rem
                0x00000bd0                int32_to_float32
                0x00001390                float32_mul
                0x00001f24                float32_eq
                0x00002328                float32_lt_quiet
                0x00002420                float32_abs
                0x000024cc                float32_filterKom
                0x00001354                float32_sub
                0x00002008                float32_le
 .text          0x00002554       0x48 LSM9DS1.o
                0x00002578                mReadByte
                0x00002554                agReadByte
                0x0000259c                _etext = .

.rodata         0x0000259c      0x47c
                0x0000259c                . = ALIGN (0x4)
                0x0000259c                _frodata = .
 *(.rodata .rodata.* .gnu.linkonce.r.*)
 .rodata.str1.4
                0x0000259c       0x3c main.o
 .rodata        0x000025d8      0x440 softfloat.o
 *(.rodata1)
                0x00002a18                _erodata = .

.data           0x00002a18       0x1c
                0x00002a18                . = ALIGN (0x4)
                0x00002a18                _fdata = .
 *(.data .data.* .gnu.linkonce.d.*)
 .data          0x00002a18        0x0 crt0ram.o
 .data          0x00002a18        0x0 main.o
 .data          0x00002a18       0x1c soc-hw.o
                0x00002a18                uart0
                0x00002a2c                i2c0
                0x00002a1c                timer0
                0x00002a20                gpio0
                0x00002a28                everloop0
                0x00002a30                pwm0
                0x00002a24                spi0
 .data          0x00002a34        0x0 softfloat.o
 .data          0x00002a34        0x0 LSM9DS1.o
 *(.data1)
                0x00002a40                _gp = ALIGN (0x10)
 *(.sdata .sdata.* .gnu.linkonce.s.*)
                0x00002a34                _edata = .

.bss            0x00002a34       0x94
                0x00002a34                . = ALIGN (0x4)
                0x00002a34                _fbss = .
 *(.dynsbss)
 *(.sbss .sbss.* .gnu.linkonce.sb.*)
 *(.scommon)
 *(.dynbss)
 *(.bss .bss.* .gnu.linkonce.b.*)
 .bss           0x00002a34        0x0 crt0ram.o
 .bss           0x00002a34        0x0 main.o
 .bss           0x00002a34        0x1 soc-hw.o
 *fill*         0x00002a35        0x3 00
 .bss           0x00002a38        0xc softfloat.o
                0x00002a40                float_detect_tininess
                0x00002a3c                float_exception_flags
                0x00002a38                float_rounding_mode
 .bss           0x00002a44        0x0 LSM9DS1.o
 *(COMMON)
 COMMON         0x00002a44       0x84 soc-hw.o
                0x00002a44                isr_table
                0x00002ac4                tic_msec
                0x00002ac8                _ebss = .
                0x00002ac8                _end = .
                0x00003ffc                PROVIDE (_fstack, 0x3ffc)
LOAD crt0ram.o
LOAD main.o
LOAD soc-hw.o
LOAD softfloat.o
LOAD LSM9DS1.o
OUTPUT(image elf32-lm32)

.debug_abbrev   0x00000000      0x657
 .debug_abbrev  0x00000000       0x62 main.o
 .debug_abbrev  0x00000062      0x270 soc-hw.o
 .debug_abbrev  0x000002d2      0x30f softfloat.o
 .debug_abbrev  0x000005e1       0x76 LSM9DS1.o

.debug_info     0x00000000     0x286b
 .debug_info    0x00000000       0x84 main.o
 .debug_info    0x00000084      0x8cf soc-hw.o
 .debug_info    0x00000953     0x1e79 softfloat.o
 .debug_info    0x000027cc       0x9f LSM9DS1.o

.debug_line     0x00000000     0x2410
 .debug_line    0x00000000       0xe1 main.o
 .debug_line    0x000000e1      0x60b soc-hw.o
 .debug_line    0x000006ec     0x1c8a softfloat.o
 .debug_line    0x00002376       0x9a LSM9DS1.o

.debug_frame    0x00000000      0x3e0
 .debug_frame   0x00000000       0x20 main.o
 .debug_frame   0x00000020      0x1b0 soc-hw.o
 .debug_frame   0x000001d0      0x1e0 softfloat.o
 .debug_frame   0x000003b0       0x30 LSM9DS1.o

.debug_pubnames
                0x00000000      0x476
 .debug_pubnames
                0x00000000       0x1b main.o
 .debug_pubnames
                0x0000001b      0x20e soc-hw.o
 .debug_pubnames
                0x00000229      0x21e softfloat.o
 .debug_pubnames
                0x00000447       0x2f LSM9DS1.o

.debug_aranges  0x00000000       0x80
 .debug_aranges
                0x00000000       0x20 main.o
 .debug_aranges
                0x00000020       0x20 soc-hw.o
 .debug_aranges
                0x00000040       0x20 softfloat.o
 .debug_aranges
                0x00000060       0x20 LSM9DS1.o

.debug_str      0x00000000      0x95e
 .debug_str     0x00000000       0x8d main.o
                                 0xa6 (size before relaxing)
 .debug_str     0x0000008d      0x28e soc-hw.o
                                0x345 (size before relaxing)
 .debug_str     0x0000031b      0x619 softfloat.o
                                0x6b9 (size before relaxing)
 .debug_str     0x00000934       0x2a LSM9DS1.o
                                 0xb7 (size before relaxing)

.comment        0x00000000       0x48
 .comment       0x00000000       0x12 main.o
 .comment       0x00000012       0x12 soc-hw.o
 .comment       0x00000024       0x12 softfloat.o
 .comment       0x00000036       0x12 LSM9DS1.o

.debug_loc      0x00000000     0x20e8
 .debug_loc     0x00000000      0x1a3 soc-hw.o
 .debug_loc     0x000001a3     0x1f09 softfloat.o
 .debug_loc     0x000020ac       0x3c LSM9DS1.o

.debug_ranges   0x00000000      0xad8
 .debug_ranges  0x00000000       0xd0 soc-hw.o
 .debug_ranges  0x000000d0      0xa08 softfloat.o
