
Memory Configuration

Name             Origin             Length             Attributes
bram             0x00860000         0x00001000
*default*        0x00000000         0xffffffff

Linker script and memory map

                0x00000000                __DYNAMIC = 0x0
                0x00860000                _BRAM_START = 0x860000
                0x00001000                _BRAM_SIZE = 0x1000
                0x00861000                _BRAM_END = (_BRAM_START + _BRAM_SIZE)

.text           0x00860000      0x270
                0x00860000                _ftext = .
 *(.text .stub .text.* .gnu.linkonce.t.*)
 .text          0x00860000       0x8c crt0ram.o
                0x00860060                irq_enable
                0x00860000                _start
                0x00860084                jump
                0x0086006c                irq_mask
                0x00860078                irq_disable
                0x00860088                halt
 .text          0x0086008c      0x100 main.o
                0x0086008c                read_uint32
                0x008600d0                main
 .text          0x0086018c       0xe4 soc-hw.o
                0x00860238                uart_putstr
                0x0086018c                sleep
                0x008601f0                uart_getchar
                0x008601ec                uart_init
                0x008601c4                tic_init
                0x00860214                uart_putchar
                0x00860270                _etext = .

.rodata         0x00860270       0x1c
                0x00860270                . = ALIGN (0x4)
                0x00860270                _frodata = .
 *(.rodata .rodata.* .gnu.linkonce.r.*)
 .rodata.str1.4
                0x00860270       0x1c main.o
 *(.rodata1)
                0x0086028c                _erodata = .

.data           0x0086028c        0xc
                0x0086028c                . = ALIGN (0x4)
                0x0086028c                _fdata = .
 *(.data .data.* .gnu.linkonce.d.*)
 .data          0x0086028c        0x0 crt0ram.o
 .data          0x0086028c        0x0 main.o
 .data          0x0086028c        0xc soc-hw.o
                0x0086028c                uart0
                0x00860290                timer0
                0x00860294                gpio0
 *(.data1)
                0x008602a0                _gp = ALIGN (0x10)
 *(.sdata .sdata.* .gnu.linkonce.s.*)
                0x00860298                _edata = .

.bss            0x00860298        0x4
                0x00860298                . = ALIGN (0x4)
                0x00860298                _fbss = .
 *(.dynsbss)
 *(.sbss .sbss.* .gnu.linkonce.sb.*)
 *(.scommon)
 *(.dynbss)
 *(.bss .bss.* .gnu.linkonce.b.*)
 .bss           0x00860298        0x0 crt0ram.o
 .bss           0x00860298        0x0 main.o
 .bss           0x00860298        0x4 soc-hw.o
                0x00860298                msec
 *(COMMON)
                0x0086029c                _ebss = .
                0x0086029c                _end = .
                0x00860ffc                PROVIDE (_fstack, 0x860ffc)
LOAD crt0ram.o
LOAD main.o
LOAD soc-hw.o
OUTPUT(image elf32-lm32)

.debug_abbrev   0x00000000      0x21b
 .debug_abbrev  0x00000000       0xcf main.o
 .debug_abbrev  0x000000cf      0x14c soc-hw.o

.debug_info     0x00000000      0x3d6
 .debug_info    0x00000000      0x125 main.o
 .debug_info    0x00000125      0x2b1 soc-hw.o

.debug_line     0x00000000      0x2f8
 .debug_line    0x00000000      0x17f main.o
 .debug_line    0x0000017f      0x179 soc-hw.o

.debug_frame    0x00000000       0xa0
 .debug_frame   0x00000000       0x30 main.o
 .debug_frame   0x00000030       0x70 soc-hw.o

.debug_loc      0x00000000      0x119
 .debug_loc     0x00000000       0xac main.o
 .debug_loc     0x000000ac       0x6d soc-hw.o

.debug_pubnames
                0x00000000       0xbc
 .debug_pubnames
                0x00000000       0x2b main.o
 .debug_pubnames
                0x0000002b       0x91 soc-hw.o

.debug_aranges  0x00000000       0x40
 .debug_aranges
                0x00000000       0x20 main.o
 .debug_aranges
                0x00000020       0x20 soc-hw.o

.debug_str      0x00000000      0x17d
 .debug_str     0x00000000       0xba main.o
                                 0xd2 (size before relaxing)
 .debug_str     0x000000ba       0xc3 soc-hw.o
                                0x159 (size before relaxing)

.comment        0x00000000       0x24
 .comment       0x00000000       0x12 main.o
 .comment       0x00000012       0x12 soc-hw.o
