
Allocating common symbols
Common symbol       size              file

p                   0x4               main.o
p2                  0x4               main.o
isr_table           0x80              soc-hw.o
tic_msec            0x4               soc-hw.o

Memory Configuration

Name             Origin             Length             Attributes
ram              0x00000000         0x00001000
*default*        0x00000000         0xffffffff

Linker script and memory map

                0x00000000                __DYNAMIC = 0x0
                0x00000000                _RAM_START = 0x0
                0x00001000                _RAM_SIZE = 0x1000
                0x00001000                _RAM_END = (_RAM_START + _RAM_SIZE)

.text           0x00000000      0x728
                0x00000000                _ftext = .
 *(.text .stub .text.* .gnu.linkonce.t.*)
 .text          0x00000000      0x208 crt0ram.o
                0x00000200                get_gp
                0x000001f8                get_sp
                0x00000140                irq_enable
                0x00000160                irq_get_mask
                0x00000000                _start
                0x00000168                jump
                0x00000158                irq_set_mask
                0x0000014c                irq_disable
                0x0000016c                halt
 .text          0x00000208      0x2f8 main.o
                0x00000224                test
                0x00000250                writeint
                0x000002b8                main
                0x00000208                test2
 .text          0x00000500      0x228 soc-hw.o
                0x00000630                tic_isr
                0x000006f0                uart_putstr
                0x000005a4                isr_unregister
                0x000005fc                nsleep
                0x000006a8                uart_getchar
                0x000006a4                uart_init
                0x0000058c                isr_register
                0x00000568                isr_init
                0x00000504                irq_handler
                0x00000500                isr_null
                0x0000065c                tic_init
                0x000005c4                msleep
                0x000006cc                uart_putchar
                0x00000728                _etext = .

.rodata         0x00000728      0x104
                0x00000728                . = ALIGN (0x4)
                0x00000728                _frodata = .
 *(.rodata .rodata.* .gnu.linkonce.r.*)
 .rodata.str1.4
                0x00000728      0x104 main.o
 *(.rodata1)
                0x0000082c                _erodata = .

.data           0x0000082c       0x14
                0x0000082c                . = ALIGN (0x4)
                0x0000082c                _fdata = .
 *(.data .data.* .gnu.linkonce.d.*)
 .data          0x0000082c        0x0 crt0ram.o
 .data          0x0000082c        0x8 main.o
                0x0000082c                glob
 .data          0x00000834        0xc soc-hw.o
                0x00000834                uart0
                0x00000838                timer0
                0x0000083c                gpio0
 *(.data1)
                0x00000840                _gp = ALIGN (0x10)
 *(.sdata .sdata.* .gnu.linkonce.s.*)
                0x00000840                _edata = .

.bss            0x00000840       0x8c
                0x00000840                . = ALIGN (0x4)
                0x00000840                _fbss = .
 *(.dynsbss)
 *(.sbss .sbss.* .gnu.linkonce.sb.*)
 *(.scommon)
 *(.dynbss)
 *(.bss .bss.* .gnu.linkonce.b.*)
 .bss           0x00000840        0x0 crt0ram.o
 .bss           0x00000840        0x0 main.o
 .bss           0x00000840        0x0 soc-hw.o
 *(COMMON)
 COMMON         0x00000840        0x8 main.o
                0x00000840                p
                0x00000844                p2
 COMMON         0x00000848       0x84 soc-hw.o
                0x00000848                isr_table
                0x000008c8                tic_msec
                0x000008cc                _ebss = .
                0x000008cc                _end = .
                0x00000ffc                PROVIDE (_fstack, 0xffc)
LOAD crt0ram.o
LOAD main.o
LOAD soc-hw.o
OUTPUT(image elf32-lm32)

.debug_abbrev   0x00000000      0x324
 .debug_abbrev  0x00000000      0x17e main.o
 .debug_abbrev  0x0000017e      0x1a6 soc-hw.o

.debug_info     0x00000000      0x674
 .debug_info    0x00000000      0x256 main.o
 .debug_info    0x00000256      0x41e soc-hw.o

.debug_line     0x00000000      0x5e0
 .debug_line    0x00000000      0x321 main.o
 .debug_line    0x00000321      0x2bf soc-hw.o

.debug_frame    0x00000000      0x130
 .debug_frame   0x00000000       0x50 main.o
 .debug_frame   0x00000050       0xe0 soc-hw.o

.debug_loc      0x00000000      0x18b
 .debug_loc     0x00000000       0xb4 main.o
 .debug_loc     0x000000b4       0xd7 soc-hw.o

.debug_pubnames
                0x00000000      0x15a
 .debug_pubnames
                0x00000000       0x51 main.o
 .debug_pubnames
                0x00000051      0x109 soc-hw.o

.debug_aranges  0x00000000       0x40
 .debug_aranges
                0x00000000       0x20 main.o
 .debug_aranges
                0x00000020       0x20 soc-hw.o

.debug_ranges   0x00000000       0x40
 .debug_ranges  0x00000000       0x20 main.o
 .debug_ranges  0x00000020       0x20 soc-hw.o

.debug_str      0x00000000      0x1e8
 .debug_str     0x00000000       0xe6 main.o
                                 0xfc (size before relaxing)
 .debug_str     0x000000e6      0x102 soc-hw.o
                                0x1c6 (size before relaxing)

.comment        0x00000000       0x24
 .comment       0x00000000       0x12 main.o
 .comment       0x00000012       0x12 soc-hw.o
